resources/images/default/grid/grid3-hd-btn.gif 4+dwcsFqaydVYjaWHynFUg==
resources/images/default/grid/page-next-disabled.gif D0uGgXcskZIfqT7enHVeoA==
resources/images/default/grid/sort_desc.gif 0QT88RnUDFFVTduLN3FC5Q==
resources/images/default/grid/arrow-left-white.gif sE6Fm9y9Ia0fBri/p4gd+A==
resources/images/default/grid/refresh.gif 8aLn3zA5TFowvHbC0JATtw==
resources/images/default/grid/col-move-top.gif xFhCAtUXJGQFD2ddOW0cbw==
resources/images/default/grid/mso-hd.gif N/upwC8O7+V/ZViQ7vHEoQ==
resources/images/default/grid/arrow-right-white.gif cU6wD4E03eOmXIPz9xrSxA==
resources/images/default/grid/grid-vista-hd.gif Z19APoqctatL7XJdqf4gIw==
resources/images/default/grid/done.gif NlJmkwqTRRQU/lH/xSShlg==
resources/images/default/grid/page-last-disabled.gif HRIyN87rUQmhuSdPDPGdcw==
resources/images/default/grid/grid3-hrow.gif PkSE6o2xCvEyCAjIR3NG6g==
resources/images/default/grid/sort_asc.gif I1KHS19jbKMx/pUJovm91w==
resources/images/default/grid/footer-bg.gif Ze1j5ExhSfESetO0vk4BCA==
resources/images/default/grid/page-prev-disabled.gif 7vy+0VyNN6iWGLCPeyJClw==
resources/images/default/grid/group-collapse.gif /Wpy/6eEFw2D+fEzIiZsqA==
resources/images/default/grid/page-first.gif FuwA+ncNhgt2jPUDTd/Klg==
resources/images/default/grid/hmenu-asc.gif BI4Lww98OdRz2tXavL4D8g==
resources/images/default/grid/columns.gif 7zUkL6ZRSoHRfV9wD1YbfA==
resources/images/default/grid/grid3-hrow-over.gif qS2PbBBpQ5lXIPKIRjRnDg==
resources/images/default/sizer/ne-handle-dark.gif EV9xuFHH8LXzVMqnuN//FQ==
resources/images/default/sizer/se-handle.gif ce3D9j959EfSyB7gnh+7ww==
resources/images/default/sizer/sw-handle-dark.gif RLJADYc8+KI9hEJIJ83kTQ==
resources/images/default/sizer/sw-handle.gif w+C+/EIIpRGANEdl/X3u2g==
resources/images/default/sizer/s-handle.gif XjM4ywnp339SOD1rFCP8hg==
resources/images/default/sizer/nw-handle.gif ESBgBQUknDjD0cwqsSDNEw==
resources/images/default/sizer/nw-handle-dark.gif SjYeaSCy40o5/UJaUVyDuQ==
resources/images/default/sizer/ne-handle.gif jiaLli3JCdJ1mXtXL/F6cg==
resources/images/default/sizer/e-handle-dark.gif uGKJ9B160adAHdKyqbPD2A==
resources/images/default/sizer/square.gif RDHqGVS/0qnOoJMfB/x/+g==
resources/images/default/sizer/e-handle.gif UQ7cleuqNjBpFsUMoQWW9w==
resources/images/default/sizer/se-handle-dark.gif 89jYqsI+PpYzBy4jZs2oRw==
resources/images/default/sizer/s-handle-dark.gif SmvxXTCKSuWA3QPL1DGpXA==
resources/images/default/slider/slider-bg.png CQOtOvmFQZdnpgpbAl4KGA==
resources/images/default/slider/slider-v-thumb.png L8NDDcNR2aEY4Ei5qvt8PA==
resources/images/default/slider/slider-v-bg.png BoLCiSWnKWcw9/Ih5Kdrlg==
resources/images/default/slider/slider-thumb.png JKiTyWBvOmiS62LymgiHDA==
resources/images/default/form/clear-trigger.psd yMLYQ0WHKN9cGEpUhixZRg==
resources/images/default/form/trigger-tpl.gif 174g8Nw49PRs0xj+Ms884w==
resources/images/default/form/text-bg.gif 1bpUwfQX5qcsvOi5CQeHJw==
resources/images/default/form/search-trigger.psd 2qz7bUULjNVtpZBdtMi4wA==
resources/images/default/form/trigger.gif RH1bYA91J/XIzEnnRTu7Jw==
resources/images/default/form/checkbox.gif ddaFyrVmWpNWYKPQT3HCvg==
resources/images/default/form/search-trigger.gif VZ7zcs8no4Z42E6MC3I3/A==
resources/images/default/form/trigger.psd UTqMYB4nijWjyzJy/Rdp3w==
resources/images/default/form/trigger-square.psd Xmar0PoTE70FLbfRIfYmwQ==
resources/images/default/form/radio.gif Ajm9rvUpvmhTC4YmaiR0LA==
resources/images/default/form/trigger-square.gif wcuuzJEgn3fi0gI1wTfhPg==
resources/images/default/form/clear-trigger.gif l7Pl6e3ye1DWPUgJjC8erg==
resources/images/default/form/exclamation.gif N9vgLjy94PZ4BlC/2FNeOA==
resources/images/default/form/date-trigger.psd PxDs8NlhAGUH0EP5ufzkXg==
resources/images/default/form/date-trigger.gif MLW6zp89rDWHFsFBUnD4dA==
resources/images/default/form/error-tip-corners.gif NkR0J2F4x7SLYnAFa0K4CA==
resources/images/default/dd/drop-no.gif rlNsNzkbp4FDtcgoPOyNEw==
resources/images/default/dd/drop-yes.gif 8yFjJsAIkCWehPFybdEEPw==
resources/images/default/dd/drop-add.gif les0rHCho8le85q4JqiUkQ==
resources/images/default/toolbar/tb-xl-sep.gif BuAmOH4t0PSeiKBHkc8m+g==
resources/images/default/toolbar/btn-over-bg.gif +t35skzvpyEya6P4fz7zHw==
resources/images/default/toolbar/tb-bg.gif Uwkzf9eiLKudlGf9nqoKDA==
resources/images/default/toolbar/gray-bg.gif zy2UCPMg5pbmB9hHKvp/8A==
resources/images/default/toolbar/tb-btn-sprite.gif ugpdd9tylCeC/EvyP3EHOA==
resources/images/default/toolbar/btn-arrow.gif Er2imkyAFs+gR+hSxDU/WQ==
resources/images/default/toolbar/btn-arrow-light.gif +kmzmg/YjvJiZNpEorTt6g==
resources/images/default/toolbar/more.gif FcejDUExMFtnL+HnbZYtTQ==
resources/images/default/toolbar/bg.gif t5UFIEGqdqQkZrO+VXUHfw==
resources/images/default/toolbar/tb-xl-btn-sprite.gif P/1VibQYiSMHVeohCMwOkg==
resources/images/default/progress/progress-bg.gif /XWrzZ0cuFNPJPQ4px5v2A==
resources/images/default/menu/menu.gif rhKNXz86OSE/PU4jrshyjw==
resources/images/default/menu/item-over.gif u0zcDqJXg0zV7QH4gzh9jw==
resources/images/default/menu/menu-parent.gif 0wOtfjztiRc26A934dTlHQ==
resources/images/default/menu/unchecked.gif MYRhGL3ceUW1leogkFic8Q==
resources/images/default/menu/group-checked.gif 95c0Q9keXgdAE/GwfueUeQ==
resources/images/default/menu/checked.gif y3s0CN9W9VhaqhJCzS8LRQ==
resources/images/default/window/left-corners.psd GGGBFZheWQXHpjRcPvAlWg==
resources/images/default/window/left-corners.png HYqc22Y+KSq3De9HCU3FKA==
resources/images/default/window/top-bottom.psd gmyoP7mJK+SfGxqq9h/WxA==
resources/images/default/window/right-corners.png 58Ta1plmhXUKz7ovTikRWg==
resources/images/default/window/icon-info.gif 7Gt6XUyu6nZ8hnRom65Hxg==
resources/images/default/window/icon-error.gif 9He1S2uDYTYulsIhjc5+oA==
resources/images/default/window/icon-question.gif JxNkSoqlgnKNceNeymL7zQ==
resources/images/default/window/top-bottom.png Tx6GIHsijBksLiQ/d4VK2w==
resources/images/default/window/right-corners.psd Ua6k3Wu97feSM0LkO6y7eg==
resources/images/default/window/icon-warning.gif PyAlgnKvDgD2t1MbO5ruNQ==
resources/images/default/window/left-right.png 1l3VMY8AMUOSe8DXxf9uLw==
resources/images/default/window/left-right.psd ApyLpit36RCwd2TjJMMqhA==
resources/images/default/tree/elbow.gif J2efOxIiupXZkliF19gtAg==
resources/images/default/tree/elbow-end-plus.gif 7BSCORNjYS2eX4xwh/3aug==
resources/images/default/tree/drop-no.gif Z/g+oEouscUGFKlvr2JfJQ==
resources/images/default/tree/elbow-end-plus-nl.gif 8PUMDdPubdSxHB8kWzbrAQ==
resources/images/default/tree/elbow-end.gif NFVROEqjJRibooocIPNAXg==
resources/images/default/tree/loading.gif AO+HGykbwDpJfWCKW9jsmQ==
resources/images/default/tree/drop-between.gif 7bVEoN5YVH1KOcUm4G48gg==
resources/images/default/tree/drop-yes.gif 8yFjJsAIkCWehPFybdEEPw==
resources/images/default/tree/arrows.gif q2UDfeNHY84bSJ5cDxIYXQ==
resources/images/default/tree/elbow-minus-nl.gif Xlv/uhV+zu55iduVuRnk1Q==
resources/images/default/tree/drop-add.gif les0rHCho8le85q4JqiUkQ==
resources/images/default/tree/folder-open.gif xWkUHWrnxh2DjtivJqqTgA==
resources/images/default/tree/drop-under.gif VeXbyUUc+pFCODImCwdTqg==
resources/images/default/tree/folder.gif tyCXQLtKgloGvrhpjZLCsQ==
resources/images/default/tree/elbow-end-minus.gif pGn2pDlNeXwu/v/HBAn22w==
resources/images/default/tree/elbow-plus-nl.gif 8PUMDdPubdSxHB8kWzbrAQ==
resources/images/default/tree/elbow-line.gif kOR4FY30dtyYmmDaqvyH5g==
resources/images/default/tree/elbow-end-minus-nl.gif Xlv/uhV+zu55iduVuRnk1Q==
resources/images/default/tree/elbow-plus.gif lFVy0Gp0tflSJRqGxZXy2g==
resources/images/default/tree/s.gif /JT7DD7YqPkJ28djCgmH/w==
resources/images/default/tree/drop-over.gif 1rMDz6Peh4QFfZ1+Zs2qhg==
resources/images/default/tree/elbow-minus.gif cbsb1EsSdMYNMNuh3kcu1w==
resources/images/default/tree/leaf.gif I3V9bjU/ND48ft/ihCjxmA==
resources/images/default/button/s-arrow-b-noline.gif MNBPZSVR8d+dWdM6mcmjIA==
resources/images/default/button/arrow.gif RLbb84UjaiaXkyp6PiC0oA==
resources/images/default/button/s-arrow.gif vHEpbd+cfvWqVrCco1Esig==
resources/images/default/button/s-arrow-o.gif UAXY3qL5RWqvKrJ8p79WUQ==
resources/images/default/button/group-lr.gif y3gTAS1r4X4IODXWADcCng==
resources/images/default/button/group-cs.gif XcAlK9ns9y+Y2FhCcFTPCA==
resources/images/default/button/btn.gif QKyHF1UCPMEa0V3Nd7VNvw==
resources/images/default/button/s-arrow-bo.gif U6FdeQegFxIvf2BALENXUw==
resources/images/default/button/s-arrow-noline.gif E/CKJ1xYE1NluOWLMXerGg==
resources/images/default/button/s-arrow-b.gif qVem1hjRm5Ki0aehtQ9SNQ==
resources/images/default/button/group-tb.gif Tt+bfbE7EzEoLu0pg4TKuQ==
resources/images/default/box/l.gif xNnbvcWa4GtennKmqGXJgQ==
resources/images/default/box/corners-blue.gif hv1MVmTglxv8EZWehEJgTA==
resources/images/default/box/tb-blue.gif fEsZ62gq/cG94GQNIyH7JQ==
resources/images/default/box/tb.gif 3T9jr+e6kJg7pz2tHGa/Lw==
resources/images/default/box/corners.gif 0tG8IIWzac41/9IMASFnbg==
resources/images/default/box/l-blue.gif ztn/v2bqOedwg6WR+CVyZw==
resources/images/default/box/r-blue.gif gtu1IqgOMkb2KXcZNxqUlA==
resources/images/default/box/r.gif vx4dSkX5Ua5laWioyDTwSg==
resources/images/default/tabs/scroll-left.gif 8c5RWGUIgOn+JW5zn2DdIw==
resources/images/default/tabs/tab-strip-bg.gif WxuU6WaaqrTnblq6i/jsHQ==
resources/images/default/tabs/tab-btm-over-left-bg.gif 9/E8TCp8HjSXsviTEiffPw==
resources/images/default/tabs/tab-btm-over-right-bg.gif e/Pxdzi2xT9qPwh2DqpQiQ==
resources/images/default/tabs/tabs-sprite.gif JWKhetAHa903EdGOYvdMJw==
resources/images/default/tabs/tab-strip-bg.png 2Z47eyYQ88haqUP+E55q+g==
resources/images/default/tabs/tab-btm-inactive-left-bg.gif 7RkJLUQMW/vchk9xTybuAw==
resources/images/default/tabs/tab-strip-btm-bg.gif 927seIH8x6D3Y1TRhOAIfg==
resources/images/default/tabs/scroller-bg.gif Q0VwaNkZ+t0OlZVCz9ga0g==
resources/images/default/tabs/tab-btm-inactive-right-bg.gif w/NA3J9/k5jhOV81HnBt/Q==
resources/images/default/tabs/tab-btm-left-bg.gif dorE5VMZdP7aB2y8p6XLbg==
resources/images/default/tabs/tab-close.gif WTBKVvXg9Qa/Zxrq+4/HZw==
resources/images/default/tabs/scroll-right.gif kF6neMtkx07zzUmuT6ZLcQ==
resources/images/default/tabs/tab-btm-right-bg.gif 3+Y6Fw1TkdVmRdv+0ntdIg==
resources/images/vista/gradient-bg.gif 4Rf8qdCI5M1bu87HuZqECA==
resources/images/vista/s.gif /JT7DD7YqPkJ28djCgmH/w==
resources/images/vista/layout/expand.gif 1rseY7Y73se9Cg0YsHKk/w==
resources/images/vista/layout/stick.gif 3Vb2+sFjpspdZJ8qukG53A==
resources/images/vista/layout/panel-title-light-bg.gif oVAihmfcHHPUE+SoY2vjrQ==
resources/images/vista/layout/ns-collapse.gif 2fOc2Fd3BHAPvEOiCMAGDQ==
resources/images/vista/layout/panel-title-bg.gif 447O/ywD5ElwcHIDg+i7rA==
resources/images/vista/layout/gradient-bg.gif Fej77ic3WedzZAzQthILDQ==
resources/images/vista/layout/tab-close.gif JGBvgHaaKc00+q9bqpLMZA==
resources/images/vista/layout/ns-expand.gif gk4EiqDA2a7HRoq3CsONLQ==
resources/images/vista/layout/tab-close-on.gif mfICJWfAxG7BzaSXgbSLDw==
resources/images/vista/layout/panel-close.gif 7UyzHoiksyncxiYVPFr69w==
resources/images/vista/layout/collapse.gif DsaDkOFBd0F6PQasqlDJxQ==
resources/images/vista/qtip/tip-sprite.gif lHoz6PhR1NXzsrS8MwVfjA==
resources/images/vista/qtip/bg.gif CbwIyMGLggKc8bjfPVeXag==
resources/images/vista/grid/grid-split.gif PvQZ1LlCHY6U9nOmI43EwA==
resources/images/vista/grid/grid-vista-hd.gif Z19APoqctatL7XJdqf4gIw==
resources/images/vista/sizer/ne-handle-dark.gif Ln18u6Vni1Dg3ZEkCJIhSg==
resources/images/vista/sizer/se-handle.gif pS/+kbP0hpP9J/E6jUqjMA==
resources/images/vista/sizer/sw-handle-dark.gif uHvDb4pV8LV0pv6jpPoABA==
resources/images/vista/sizer/sw-handle.gif vYsQQsaYxWRSJ3MRbwfYTg==
resources/images/vista/sizer/s-handle.gif shWe7tSyaovuWuyaBdxzsg==
resources/images/vista/sizer/nw-handle.gif EjbRGj/yHgh5VHkiJJuoMg==
resources/images/vista/sizer/nw-handle-dark.gif G8yJhVcRfyBpNuGcfPhiQQ==
resources/images/vista/sizer/ne-handle.gif DHaPD4k8Tm/3ZCrz8tNJRQ==
resources/images/vista/sizer/e-handle-dark.gif Hxx9HfsbD7saQqud8bgwxw==
resources/images/vista/sizer/e-handle.gif kghy44K+T8pzYE7nHE5f1g==
resources/images/vista/sizer/se-handle-dark.gif g+p4HROsf0pAhPdOllirbQ==
resources/images/vista/sizer/s-handle-dark.gif GioTEe9/sguw3gny6Lg9vA==
resources/images/vista/toolbar/gray-bg.gif AdFy7i2T28MKscoyAESY+w==
resources/images/vista/toolbar/tb-btn-sprite.gif vmhTfKwZSU8f2wMJZVo14Q==
resources/images/vista/basic-dialog/se-handle.gif QcNm6Sg+iKStG/McV3BYMQ==
resources/images/vista/basic-dialog/expand.gif jkGPT/NtO5kY0Pslbn66Rw==
resources/images/vista/basic-dialog/bg-center.gif 3Jodmr/8+bQrKvYS4ATKXQ==
resources/images/vista/basic-dialog/bg-right.gif BbExpaEFUf7wc9EtYPPceg==
resources/images/vista/basic-dialog/w-handle.gif Aa7hlbLSLyVbAXNgKpGZwg==
resources/images/vista/basic-dialog/bg-left.gif 1p2UYsVUJfD4tQep7H74fA==
resources/images/vista/basic-dialog/s-handle.gif jS1ZbI9HQX3NY5QA+ivk9w==
resources/images/vista/basic-dialog/dlg-bg.gif rAwb2RKCKMcHpKgMKQTtLA==
resources/images/vista/basic-dialog/hd-sprite.gif nWNDOleSX9uhAFonjo30QA==
resources/images/vista/basic-dialog/close.gif Fm5ZSdBhXVNCaKrrqF1f8w==
resources/images/vista/basic-dialog/e-handle.gif msYWPrVYOTVTRnZGbbHk5g==
resources/images/vista/basic-dialog/collapse.gif T8UtLYjFOTv8sFE/rMCBAQ==
resources/images/vista/tabs/tab-sprite.gif mxAsOzVJ9cKMyNgAfr4bFg==
resources/images/vista/tabs/tab-btm-inactive-left-bg.gif hPcWLd09xbXkWymgGjI09w==
resources/images/vista/tabs/tab-btm-inactive-right-bg.gif w9wIm9H7nUtUI96KLvakkQ==
resources/images/vista/tabs/tab-btm-left-bg.gif L8QqaP5GHnRI/Oln1Gsi3Q==
resources/images/vista/tabs/tab-btm-right-bg.gif LA5hN50K+wi1kAaJpMULmQ==
resources/css/reset-min.css MyKPtayvd9ji5rdGWoNppA==
resources/css/README.txt ulPZN/3SpOVgFcqIDCDQng==
resources/css/ext-all.css p2vEhHVtYORRRpAGTUvP8g==
resources/css/xtheme-access.css oD1rEg4tYct1gI3pghzWgg==
resources/css/debug.css 2mvrqXaYDxZv28aU98JuJg==
resources/css/back-ext-all-notheme.css SkQPnj7rmigUjx5EbdhXxA==
resources/css/yourtheme.css 91RRRSbKIqplZMTdwvsZMg==
resources/css/xtheme-gray.css qDff4+vfgXPIy4wSXuI33g==
resources/css/xtheme-blue.css MGR9JErpltXQGFrgThBMig==
resources/css/ext-all-notheme.css v8E2CzMZv7TCwz4cP3SUjg==
resources/css/structure/date-picker.css 6n2eUy3UFAxvZ2+OWMLJDw==
resources/css/structure/editor.css m6ux98b0IY6BizyC2hOg1g==
resources/css/structure/toolbar.css G7d/T/F6UkSW2FiwI387Xw==
resources/css/structure/tree.css +RpYBUKJg+OtHerTIEPT9g==
resources/css/structure/tabs.css 23BzG8G5pnWig89vUqCHLw==
resources/css/structure/slider.css ZWyelQYnMzTc5DYM5b/1cg==
resources/css/structure/resizable.css UgsL8hL82Fxlp9RcM7dnIw==
resources/css/structure/form.css wZKmriVsseFstsh9OcBbfA==
resources/css/structure/reset.css Ke4SX1xtsA/wvdOopAJsFQ==
resources/css/structure/window.css 5tJ2w2ano7s1+X0HsXQN7Q==
resources/css/structure/list-view.css o5afnNW3TdBY0QiHvyJ7KQ==
resources/css/structure/box.css aMjNLOiBl1aGtuHZT0xOMQ==
resources/css/structure/pivotgrid.css sy1mVwBiMo7Ox1LNyUsj1w==
resources/css/structure/panel.css nVdN9NBg2V8YwWc8Bnn9aA==
resources/css/structure/qtips.css NiRmhAL1Y/XPxoDomXEvQA==
resources/css/structure/borders.css nu7Ubps06g9CCTunP4xNxQ==
resources/css/structure/menu.css +0zFYrcdtGbh6LLuv8OOXg==
resources/css/structure/debug.css GYCoF0TEEL8lsc8fG0NsGw==
resources/css/structure/button.css wQTx6ZneFLVqIzh9qzwnmw==
resources/css/structure/dialog.css TJoW7bInjI5y2wk/Hm88cw==
resources/css/structure/layout.css TwHXG15jXDgh59OVV5VnvA==
resources/css/structure/progress.css zgjb7eI+8Hc5ypTxTjS/XQ==
resources/css/structure/dd.css aC14b//LQq+zvtyPgJnOdQ==
resources/css/structure/core.css k3gln+eoYTnU50CGD2RnMw==
resources/css/structure/combo.css JNg4JoPICIdSMUF1+rosBw==
resources/css/structure/grid.css 4LzxMrXNXyFyx0sQk2wWNg==
resources/css/structure/panel-reset.css jtgUq4uGp+SIHYdR0jFSkQ==
resources/css/visual/date-picker.css RGvqiFfnILA+364/ZOu6hA==
resources/css/visual/editor.css ku3NiNW1K2OnFR+1piJoIQ==
resources/css/visual/toolbar.css 5fQ2kS3NvQQB0pUyQg6DXw==
resources/css/visual/tree.css cM0+Bu3uczpGNRYeGm/Ejw==
resources/css/visual/tabs.css Q4Z3w1sbEnc5ihEBaQJOiA==
resources/css/visual/slider.css LRid4laMXX90837X7WE0JQ==
resources/css/visual/resizable.css sCMFvSTtvm8A0ZkVkjZsKw==
resources/css/visual/form.css G92gzmgm41jyTPwoiZkZsQ==
resources/css/visual/window.css K4bdLffFMmCHgyIaz0L6ug==
resources/css/visual/list-view.css tpI9Kzf3onGh287to4rXCA==
resources/css/visual/box.css 2bB7FCus0jgS/Ni9nD3tHQ==
resources/css/visual/pivotgrid.css fGzHhGRUyrMDe0auHXI0cw==
resources/css/visual/panel.css y7x/dNWK1N1IEAGTRNZdtA==
resources/css/visual/qtips.css 9UZu0OJ+zbTSksYnGK9yeQ==
resources/css/visual/borders.css DA0VL5i01FukaSG4N7JG1w==
resources/css/visual/menu.css eNsezvBQSOtfuBa54afQFg==
resources/css/visual/debug.css AQNOcIo8Md9ibVD19bn49g==
resources/css/visual/button.css RUY6cgjJ6EmvfCIM2we60w==
resources/css/visual/dialog.css HhJ+n7oEGXmdkCDApLSTgw==
resources/css/visual/layout.css hIS+sDLhKDr4lbURPY5UHw==
resources/css/visual/progress.css PoOsinLAxIqiZF5qnodpnQ==
resources/css/visual/dd.css BTd88mKqXd5URBH9y8u4/g==
resources/css/visual/core.css 43dp75o8OUPSaC8Orz3Ckw==
resources/css/visual/combo.css NOam9yEt8vjkgS1+j5ggwQ==
resources/css/visual/grid.css cSkxXHiiOZef3aJV+rcoEg==
resources/css/theme-gray/date-picker.css lK1lkdbp8IU9GIfUQ25a2A==
resources/css/theme-gray/editor.css HpBqk2ld4KDy9e+rnNJ7Qg==
resources/css/theme-gray/toolbar.css FRFugS9Cki8sWBImnj/T2A==
resources/css/theme-gray/tree.css +iXJj3uTJdssjERjD+ucLg==
resources/css/theme-gray/tabs.css Fu4WgE6nu1ptDHJXbH3c9g==
resources/css/theme-gray/slider.css +NlkfuIwv0OkKrTze9/7sg==
resources/css/theme-gray/resizable.css caXsfol/Ty3auad+rJNvFA==
resources/css/theme-gray/form.css H7kzVvgdRqtKFnzJ+hyBSg==
resources/css/theme-gray/window.css Rzlu3+u2ZypBds77ml0Fvw==
resources/css/theme-gray/list-view.css eggFeM7M9jTPojOzoplEmQ==
resources/css/theme-gray/box.css ch6jzuCmUvqWrU1d1UIwgw==
resources/css/theme-gray/pivotgrid.css 7QJ2++cw0ae38QeXeiYmpw==
resources/css/theme-gray/panel.css SUVrq76ah9PI2Yp/swlUUg==
resources/css/theme-gray/qtips.css Z0PJxbUjmYHF3C0oZ/vGWQ==
resources/css/theme-gray/borders.css 7527SWz8pwEpTDJeFa5qDA==
resources/css/theme-gray/menu.css k9tzVzwQ8k2K+xvLfCoMkA==
resources/css/theme-gray/debug.css IGpneX63UzkatyU22Eep1g==
resources/css/theme-gray/button.css vGdzn/Mcc25K0ceSQ3uhTg==
resources/css/theme-gray/dialog.css Yuw/LhEa5x0+PiGtRLvWZg==
resources/css/theme-gray/layout.css Rnatxt9kkZU002Y2UxhJ+w==
resources/css/theme-gray/progress.css 17mWEVHZGLq9LscwM7jjvQ==
resources/css/theme-gray/dd.css V6vuLs2iVnsea0AsWJGXtQ==
resources/css/theme-gray/core.css /cXwDjaQDxwTjXgOJx8mVQ==
resources/css/theme-gray/combo.css YEPA6t84q2krqugfLVHcTg==
resources/css/theme-gray/grid.css egaR+F8M7ASD311kDrk8Fw==
resources/css/theme-access/date-picker.css 28ZJYSlRWcKUIDlMbbtI3g==
resources/css/theme-access/editor.css uRPmdCqAUYG5uaF8v9ijWQ==
resources/css/theme-access/toolbar.css 9YMifgGGccZkAr9DfGXefg==
resources/css/theme-access/tree.css E9tbNLdcO12jmGpclLJgrA==
resources/css/theme-access/tabs.css cU1rJxkAte1FXbG0A6On1A==
resources/css/theme-access/slider.css 0JlO1RHqu/H9af5KGYD4NQ==
resources/css/theme-access/resizable.css Bg2a86KqEwb6pnCHGReWwg==
resources/css/theme-access/form.css 5mzpCiJrWAMX69jXAQ4giw==
resources/css/theme-access/window.css lXd32UJzTzomV0CDdTKwnw==
resources/css/theme-access/list-view.css p++q29VwJayyNGe704XUuA==
resources/css/theme-access/box.css G3jNOslI751NDWF3k8iwUA==
resources/css/theme-access/panel.css SYkCyOSE46Pe0C9iIR65NA==
resources/css/theme-access/qtips.css LUs+l5SAeeKi3HSzsg/Mzw==
resources/css/theme-access/borders.css RnQrjdwNyArMLtnsWeYHdA==
resources/css/theme-access/menu.css hkgZYcx+zCYGCbrhCiUf5w==
resources/css/theme-access/debug.css NNTQbRT1U/O1s4NN1Su/uw==
resources/css/theme-access/button.css oKoN7exSIaBUp89y5bl9qw==
resources/css/theme-access/dialog.css Z75GNA3Svp5y6+tEUyq5Cw==
resources/css/theme-access/layout.css HoKThS5YQqtjV4zwbVWuGg==
resources/css/theme-access/progress.css 82GizE3Mdhh6TFXiAAmIhA==
resources/css/theme-access/dd.css yNzNWuUovJNWmskuBt1r8g==
resources/css/theme-access/core.css 6Ofyk7ckAzUo1lYmbuM9dg==
resources/css/theme-access/combo.css C9S4c5vqErImF8jkwwQ1Sg==
resources/css/theme-access/grid.css eiPhAb0p/bKpwYngNGt3Hw==