PlaceHolder.js rWpyVHrgQeUZeibSQRbPow==
Ace.js Wd7qVtwp1ZKjDqKdNJP7Kg==
Split.js /DUDoN1bHp9N1AZhvRTWVw==
theme/VisualStudio_Back.js AqUdPDOepyAzQwW1hXqoww==
worker/Jslint.js Q0O58AXwYtQ/lnVZPgs+HQ==
keyboard/StateHandler.js Z/TcfGKloB27g9CW0/JppA==
keyboard/HashHandler.js XIVpIvmzcmDiSssISEhEcQ==
keyboard/keybinding/Vim.js 0vqG3jhW0nEwsXq4gFmlUQ==
keyboard/keybinding/Emacs.js 7yAJMooZn3LJqnfF1xfn+w==
mode/CoffeeWorker.js Ue0nE/XB2uN23idlC3HpFA==
mode/Textile.js HAdKsivnzE8Lv0EQ1rXJCw==
mode/TextileHighlightRules.js UiMb90W5alZI1w/AMwDj5w==
mode/coffee/Lexer.js iPekdYKdsEmzWu9fevnt/w==
mode/coffee/Helpers.js npJX/xItYiYuNdwgskeNrA==
mode/coffee/Parser.js mYvc8maUWrGhz4uZN2fxIQ==
mode/coffee/Nodes.js epr5wUYQ+G30Dtvw5xyCJg==
mode/coffee/Scope.js /kJ2w3I9568FRqU8SUPGIg==
mode/coffee/CoffeeScript.js 73vFiL4zPqdyVn3/EntRCg==
mode/coffee/Rewriter.js hjUZbeNdu+Wj2fRvquWiiQ==
css/ns-m2xQYezAtqh7ai59hJTwtzT4qNq-faudv5qbO9-U.eot lZtHX0eFmqujzN1sFCqrSg==
css/ns-m2xQYezAtqh7ai59hJYW_AySPyikQrZReizgrnuw.ttf g68iev/iT76QvIIx7Svayg==
css/ns-m2xQYezAtqh7ai59hJUYuTAAIFFn5GTWtryCmBQ4.woff FNmtNDgBxhgxWMxYkovMZQ==