narcissus/Jslex.js zWzLb/fSIA2+rrQMFpNvaw==
narcissus/Jsparse.js P4I812kfincxFwAo1RaMiw==
narcissus/Jsdefs.js OZpb3plKq9dPJlaw2sJbHQ==
jsxdev/FileMap.js 4PDMCR5hqRkfG8AwN0GE6w==
jsxdev/Home.js YPHIrVhYbX8PmR8SZH/hPw==
jsxdev/BrowserService.js 3hW0HxXLaIZxPlvfGzqpmg==
jsxdev/BrowserBreak.js wc9C4jD7+rOLpHPAYSuV4A==
jsxdev/Debug.js tJGVgvP2C8RSVTaaAAYk8A==
jsxdev/Settings.js x4nq+y993G493v2OEjjzNQ==
jsxdev/Thread.js KEdHh6tzrlmbAJtjfq45yA==
jsxdev/NodeJSClient.js 8YUIQzPDcqAJKqJV5VeX0A==
jsxdev/app.conf ZI1+EpuC/Q9007iDRyCLrQ==
jsxdev/NodeJSThread.js jF/p3+0krsMCRan5LdaB8A==
jsxdev/Util.sh OU0zE85lTzsdc0LWb563qQ==
jsxdev/Util.js mjLr73SC3O9BM/qd+EARkQ==
jsxdev/Main.js qbfSFQMNOHx25+sdwcAzWQ==
jsxdev/TreeNode.js tNqWmFZL1Rgc4xWLpeTqPQ==
jsxdev/JDServer.js dJdPNsmnkqkuk7mFdG1Ffg==
jsxdev/BrowserThread.js OCdDi1vfKxyd6h3pgUT95g==
jsxdev/dao/ProjectRelation.xml DxARvMqwOKxWcJiJNf1qyQ==
jsxdev/dao/Project.xml AXDpmfa+gaieZaSJCglhUA==
jsxdev/dao/User.xml 4dk312G+n2YyX3RulRoIBQ==
jsxdev/service/User.js TxZs6Ewa5bB1SbzPkPy1vA==
jsxdev/service/Project.js tfZOdsouG/5QdhofsHX3bg==
jsxdev/service/IDE.js gMC85xZHFf1KHyIj14AEzg==
Jsx/_Debug.js 2NbcDpZWSHBGuilWAtzdDg==
Jsx/Delegate.js PpRVagp1l0hQQ54iXV0low==
Jsx/Core.js msr23u3BKJtqff70qVr7qA==
Jsx/Language.js BHQBtOvjraRcB6Bv7WfTuA==
Jsx/Event.js R3Tl8klz1AvCGwg10+xb4w==
Jsx/Util.js ohL/acYFXd+IZ23Hc3+UcQ==
Jsx/Config.js +bhV53F0ke/qOWBSzIEsLA==
Jsx/db/Persistent.js 3UOjGvdue2Huy45r/EVJMQ==
Jsx/db/Database.js hHrfq5XYs1T2orOQx1RrXA==
Jsx/db/SqlMap.js 4+NsxZZc5HKY/y+Fv2vC2w==
Jsx/db/oracle/Oracle.js js28Lj8Km4XALaI058A7WQ==
Jsx/db/mysql/Query.js 6GGWxOzI1YTGEsSo9iXLiw==
Jsx/db/mysql/Parser.js wu/XTNYZkooxsdSPSikAyg==
Jsx/db/mysql/Connect.js zlAq3QK1GUrBGIftjSUMeQ==
Jsx/db/mysql/OutgoingPacket.js OZV7R2FUZQtWoVjnZel+zw==
Jsx/db/mysql/Auth.js E68+iJtL5JUlf4HTTi9RXg==
Jsx/db/mysql/Mysql.js VQmNgxMbA54+ZYU5a1xyEw==
Jsx/db/mysql/CONSTANTS.js pweePwnM5jAs258L88OIGA==
Jsx/db/mssql/Mssql.js xrjCcMvEZ6BHbzedQfB44w==
Jsx/web/Controller.js IkYZN0q2WddgWZexov43iA==
Jsx/web/Server.js kMndl5STd1HWbSqGNiMLPg==
Jsx/web/Session.js FwizlcMVnTTon6nfr5lkQw==
Jsx/web/Router.js wH6XLA2IopFbN+ZFY7TtRw==
Jsx/web/Cookie.js d7glFY0O0ZcIJ+O7DiJjSQ==
Jsx/web/client/Conversation.js Za5EJXZjH0CzCkYQSYMeNg==
Jsx/web/client/WSClient.js fUFeAWFK8gWFOZBNIJZ04A==
Jsx/web/client/HttpService.js AKChz6lZ37ah42KPqTrpOA==
Jsx/web/form/File.js ltKdyStKTdIJGz6LuV45Mw==
Jsx/web/form/IncomingForm.js yBQUK90Vl9fAC0h43BOsbg==
Jsx/web/form/MultipartParser.js qNnT+6fhSBtPY03kHYpyNQ==
Jsx/web/form/QuerystringParser.js kr9Fa/8/FKuklBsEYq7+fw==
Jsx/web/mime/mime.types vHqa+dWBSZIWJx0iyWCSqg==
Jsx/web/mime/node.types iAccftiLA8leBU2GET0GKQ==
Jsx/web/mime/Jsx.types zwSwIcsaQ0PrjNWV/KvOog==
Jsx/web/service/StaticService.js FvYCdawZ3fUvHu3PVi6PMw==
Jsx/web/service/HttpService.js ds2YDV4jjY2Buvt3t1zHig==
Jsx/web/service/WSService.js 4FLqAKouZnt6yDiFr2YtYQ==
Jsx/web/service/Service.js pr8aOWD90NkSzkDSwPTz3Q==
Jsx/web/service/conversation/Conversation.js Fi+lVnqPqDdTrq6XAcfXlA==
Jsx/web/service/conversation/HttpHeartbeatProxy.js c9tmfnBxiz4cF3UnThhBVw==
Jsx/web/service/conversation/HttpHeartbeat.js Q7DGMTGzt+lqkSAHgXgI8A==
Jsx/web/service/conversation/WebSocket.js 6u/BP55tm5qy3dF7PcFh5w==
Jsx/web/service/websocket/Early.js NEZjRitdeyaiToSavZ16FA==
Jsx/web/service/websocket/Hybi_16.js vZGmQH7HyIhNJTsZYPdRyg==
Jsx/web/service/websocket/Hybi_07_12.js luMLMJQ27IHUDMKBzTZm0g==
Jsx/web/service/websocket/Hybi_17.js 54VU686w9rO1qUaRIc/BxQ==
Jsx/xml/EntityReference.js tJRbkdDh6maKBuZAGaMxew==
Jsx/xml/CDATASection.js g7kDUZHrTjNzM8ONWFHTZw==
Jsx/xml/CharacterData.js lsAf5P4FxsHNSPXMUWXjGQ==
Jsx/xml/Comment.js EGljiDcA0N+/h3zdi12VmA==
Jsx/xml/Document.js urEiRiZZoMxfU8+8J7I16A==
Jsx/xml/DOMParser.js B5ES1SSpjpvZWfMWaI8VsQ==
Jsx/xml/Text.js rpF2fAgbFSEv+xTl9w0dUQ==
Jsx/xml/Entity.js yQsfYw8a9GLDMg1d+WOe6A==
Jsx/xml/DocumentFragment.js z+MSihV9DegyOWNOQUXHQg==
Jsx/xml/DOMException.js LiL3hLr7kZ0iKWenBMWF2g==
Jsx/xml/DocumentType.js r/5CAG7MVDhFBkmti/ngcw==
Jsx/xml/Element.js 6qNLEqarjZacD+iXZ7+AcQ==
Jsx/xml/Notation.js CJaD5eY0nIqdY3PWktA4Dg==
Jsx/xml/LiveNodeList.js LWLvmNqKz6Kj/IYXDOK8gg==
Jsx/xml/NodeList.js 7HLU1KOmzwLIYGDhHQ7ebA==
Jsx/xml/Attr.js Y01TsnMFKF9v0QRa7IUTZg==
Jsx/xml/Node.js 72t60PJ18sZuQPi2eHCOvA==
Jsx/xml/ProcessingInstruction.js q0nNbQaHQrpXOZsijR/JuQ==
Jsx/xml/NamedNodeMap.js jHLBneqEgdqDQ6EGmAZllA==
Jsx/memcached/Bisection.js sWvuh42yWIUnaRaLPjvjwg==
Jsx/memcached/HashRing.js gr7zzwEx7erJCUmD/7ey0A==
Jsx/memcached/Connect.js q76sb7QpWEbnmaE6xPtZvA==
Jsx/memcached/Memcached.js JIXujoZMXTxAxUaKnbffpg==
jsxpub/FileMap.js Fc8sERvScvAiq4ePKI/TUQ==
jsxpub/Code.js Y1OIG29MotLW+WFDLNA9OA==
jsxpub/Parser.js /BO+r+2/xekMqoFZQGE6EQ==
jsxpub/PublicAtion.js J2XGG4KiMa5ouc/OWpSAVw==
jsxpub/run.bat VwK/V9h837Zu9zSKPe+zzQ==
jsxpub/Main.js e0GACfVT0E17eSzwWzN3Lg==
uglify/Uglify.js 656/pQvQ1eKDQx0kl4MElQ==
uglify/SqueezeMore.js cqHLTDRJ8g6B3ofVim33gA==
uglify/Parser.js MQVcTbfy2yu5x5OnohxXHA==
uglify/Consolidator.js od/6TOEGfxgLoiYj0PFvag==
uglify/Process.js XHXaR3Y5KaxyAkvp+XH/CA==
node/http.js 00grEp4v9fs79yTQazS9UQ==
node/path.js RyeJtNRKn+B8/ejZ1vuPpQ==
node/dgram.js eoEFi1AzZpw4Sp4JvcojlA==
node/events.js 6mvMfHTnmL4of4lDaIx1Ng==
node/freelist.js /tJNN3EP1DalzCJ4c0lbGQ==
node/console.js ONOW77ERisMCLa7zacMLEA==
node/crypto.js RigqAh8cgg93+toVtr6OWg==
node/vm.js FA81QTtx5oMGVO/EEanGLw==
node/os.js FjYe1dH92ROG4n1y0nseYw==
node/assert.js cwDjr4+2jTS560uFf24a3A==
node/stream.js N/ZE3vlfWoedJeXj9d5WJQ==
node/net.js sV5Mt5pTgQ6cD3ahHrcrJA==
node/readline.js P2DpFrXIlKY4h3HBZyrkMw==
node/tls.js PCmALLTK9o3xDj//BaF8mw==
node/zlib.js 1SkaKJrDhCoFDNjHn19EQg==
node/cluster.js BtKgMa8sSOyYzs0eV8/kIw==
node/timers.js zhUUpdPYyOdf5eUvEYmo+Q==
node/https.js a4vCcEG/ylU68usHErEt6g==
node/fsx.js /B/RVaiZqB68Z7ddtYQ8Hw==
node/buffer.js GhUEamuKNFMLZ67J03cv2g==
node/querystring.js sGUz0ARLnINZGBYwfqR7cA==
node/constants.js zEtuL7V2cSCz3xG2f1g1yg==
node/fs.js XwNIVGO7zh0RdeVghJ9ztg==
node/repl.js b05gDmKuHPbvBvwe37Rm0A==
node/dns.js m1xnQp/14JOGHMDpuysIgg==
node/tty.js RJLIfhNhMbdvy2hlfEnr8A==
node/child_process.js yZTLRPlf4K9iPFepxZ5DeA==
node/util.js +gqWUscXIld1etn3QFXPDQ==
node/punycode.js emwMtg47zFb1oOK5Ank7Bg==
node/string_decoder.js 9o4OUwbaS6m9RMi/Rj7saw==
node/url.js 6amlHDr468CqLVlFS1/W5A==
node/buffer_ieee754.js 39UwqzX0SoAPs3wK3dsLVg==
node/sys.js 2Gh5+w5F4JCILK3Ga73RAg==
node/module.js LmtXajkJdzxtIwi99HxzvQ==