Jsx/Core.js LV5mmx6wBbj67S/X5G4ddQ==
Jsx/_ThreadService.js vmDZbSZPUUXkXgOvDFrKxA==
extjs/ext.js PEhpTNbYqki7djyB6cGpHQ==
extjs/ext-base.js UZQbVzPUkRmq85bTUKneZQ==
extjs/ext-all.js BAemPkhixnNMXiMCSJ63Tg==
extjs/theme-gray.js zQWQVUIWrJ6eP7XFnnTAaA==
Jsx/Util.js YNucQ+HZxsglppaA1Ce9nw==
extjs/theme.js jy0080obbStQHcblbPmhAw==
extjs/MessageBox.js +e/YEvoPwTDJM2O7nRi4Yg==
jsxdev/Start.js 1iFv6+t7tWsVc5/FI8biZw==
Jsx/io/HttpService.js zin82o6Y3W1/40A61vyxig==
Jsx/Config.js ad3OYI75PXIohQ41vathYA==
Jsx/Delegate.js PpRVagp1l0hQQ54iXV0low==
Jsx/Path.js tTqI2VLfzLF1XyYcAlE/Hw==
Jsx/Cookie.js yNLrWvZOkFXThUKCn3b1qA==
jsxdev/Register.js TuaFxOvuh4YeIJg/mW8dPg==
jsxdev/Login.js jzZxjnGeuMCvGSujkU4mCw==
jsxdev/Develop.js EgemzllZzVp8Tf/ViUtnAQ==
jsxdev/dev/Center.js 4G4CFbFEjde6QM/+girbAQ==
jsxdev/mode/Text.js zEAE09ytO/W/5xpjDxpcaQ==
jsxdev/dev/TextEditor.js lQTqB8zGuTqfPu8TKsXPDg==
ace/mode/Text.js SHM/s8UWmA3H4begbo/oUg==
ace/Tokenizer.js 0pDG/4mZ0eHYB1dIglfmdw==
ace/mode/TextHighlightRules.js QcjuyN8sIEPRMud6vVuITQ==
ace/lib/Lang.js Q1RnQUz2fCWAJPD4j8whnA==
ace/mode/Behaviour.js C+mgKKWzm3THQ9vwL11u5Q==
ace/Unicode.js 6Ief+iglYJf5qhP9XQwWiw==
ace/mode/JavaScript.js FbqznastCn6xjsB9cai3Qw==
ace/mode/JavaScriptHighlightRules.js XFdVm9l3jd9q9xlfrbdJFQ==
ace/mode/DocCommentHighlightRules.js 6R4vx6vmRlDI1TP5I4jl1g==
ace/mode/MatchingBraceOutdent.js u9pJ0kkhDuVZOLlPIJc+BA==
ace/Range.js X8iLdEnFIvi7dxI/MhT7rw==
ace/mode/behaviour/CstyleBehaviour.js zzA3jE+fsxog0YmjhtTTaw==
ace/mode/folding/Cstyle.js 5+gtg79EnxhdBGwd3gB2iA==
ace/mode/folding/Fold.js SyCZXQpivthSKhzp45qoMA==
ace/mode/JavaScriptWorker.js sxf6kfO/QxeeKm+4UTglJQ==
ace/lib/FixOldBrowsers.js 3ecjFAeqXHIBzk8xicD7sw==
ace/lib/Regexp.js YX2X6zgdUSlCUMqmKRkUHg==
ace/lib/Es5Shim.js dyjkOovpDhTyCOS9pGsiCg==
ace/lib/EventEmitter.js uZqfVbv/GCjVrX2mHpcU5w==
ace/worker/Mirror.js B39g2Ly6sxKmWIZY+bd9OQ==
ace/Document.js h5enByU2LgCb9E3yAQt5GA==
ace/Anchor.js /WYEx6PiJsEf4BA6hJPmCg==
ace/worker/Jshint.js aUwn1wcv7s22UFvyOxUKrQ==
narcissus/Jsparse.js Bu0HAYmd4h6ZjL0GNiyDSA==
narcissus/Jslex.js 706SQ5xwg2BN8DZWAsZA8Q==
narcissus/Jsdefs.js OZpb3plKq9dPJlaw2sJbHQ==
Jsx/Thread.js 1WMNjFxm46GAXkWuArodyw==
Jsx/Event.js R3Tl8klz1AvCGwg10+xb4w==
ace/mode/Css.js 4dJeh4NJx/qw2nb/hjkRfA==
ace/mode/CssHighlightRules.js HBCi6F5kc2w/eqV8D/prpA==
ace/mode/CssWorker.js S4ryRcMrTj8E4Pa4mfdmZA==
ace/mode/css/CssLint.js 5x9CpFTNKpU1Q8gOuNEO1Q==
ace/mode/XmlUtil.js DR9l6F3TZhhcoAMYW2+CMw==
ace/mode/folding/Xml.js WF+LkpBN9530VPKkKj78ZA==
ace/TokenIterator.js oXpmKdcB9AD6va+CVyJvQw==
ace/mode/behaviour/XmlBehaviour.js u73uoHusoibzmGtl5n06Kg==
ace/lib/Dom.js D3N8lBIN0axpbrmApbE+2A==
ace/VirtualRenderer.js dsof/5k/ChXg6JsjVgjaJA==
ace/lib/Event.js uYrXEi/5hmaSYFcAY/JhWQ==
ace/lib/Keys.js sha19Zj+pYCOMUPA68SSrw==
ace/lib/UserAgent.js 4OPd/KPi98L+cP44xXk6SA==
ace/layer/Gutter.js Xb/8uOT3Hq3b1lfZa7ZvPw==
ace/layer/Marker.js 9bcjtvrdmO6sSeCvzz8O4g==
ace/layer/Text.js Tk73o0B2xd2CZmCQORWtNA==
ace/layer/Cursor.js hbMoccJTGFzaeQkigzCoig==
ace/ScrollBar.js A2HX9tKWrHwcfGqRFgX0Cw==
ace/RenderLoop.js H63U8qQoc3gSECJXB5vREQ==
ace/css/Editor.js 7m8ya8DSUPNkw5ugbxyg/Q==
ace/theme/Textmate.js IkWPwEYKCWoYzz6p3k+6Dg==
ace/UndoManager.js mCkVyj2xWOY8g+SrraR8NA==
ace/EditSession.js 9LqdsRBcvsyH3lW0ysBLkw==
ace/Selection.js dEIlrpKuaNAEJdFxysg0AQ==
ace/BackgroundTokenizer.js NYWpv6K7xqVCElVXqpRLZw==
ace/edit_session/FoldLine.js ylKYW0ZX4MUGlNoDeEZGCQ==
ace/edit_session/Fold.js shxVy+RTOLWiWcK/U1IP/A==
ace/Editor.js W+aioeB7XNPsbAC8Ic17hQ==
ace/keyboard/TextInput.js EyncryLlN6NNzeRLDQL7KQ==
ace/mouse/MouseHandler.js TMcalTNMOpt8EnZhKeX9eA==
ace/mouse/DefaultHandlers.js Ru9Q5uPNlMInW72j712GXw==
ace/lib/BrowserFocus.js nkbG9YN1r3rB56wWLROgfw==
ace/mouse/MouseEvent.js 7FkrM6ld/esL49/5h61rfg==
ace/keyboard/KeyBinding.js Wo+C1Yr1Tw7PukTfmsx2NA==
ace/commands/DefaultCommands.js b0FdMPX+TJ+m6eJDg77FFw==
ace/Search.js SwoViBRbg6CTrGSEQXCabQ==
ace/commands/CommandManager.js 1FunDOYSR2nkP4Ncv9wgmQ==
ace/mode/Html.js v86uKDbh7NvcTsH+Aq8xQg==
ace/mode/HtmlHighlightRules.js zhV1E/X/3ZnYHs6/DwZFiw==
ace/mode/Scss.js 41rqAxLEQibfxrywVVg5Tw==
ace/mode/ScssHighlightRules.js 3nPWg3ICO4+q2Wjx7IonZg==
ace/mode/Xml.js vMemXnTHGWRU6FBSHXKZTg==
ace/mode/XmlHighlightRules.js 8dJofgIVhEDq0NYZkGXcjw==
ace/mode/Ccpp.js SAVgwRB5yRXdCjyowFs+ZQ==
ace/mode/CcppHighlightRules.js +dKtsGGFp6qS/nbEXkrx/g==
ace/mode/Coffee.js xUQIEmZSx0+TIpFuqkr8yw==
ace/mode/CoffeeHighlightRules.js ncYKJ2+rbIUuh1kyMUscPQ==
ace/mode/Clojure.js 87OvsJ/bhTgP2olbHnBcbg==
ace/mode/ClojureHighlightRules.js Bf4omB+NELnLWAmwp/3MkQ==
ace/mode/MatchingParensOutdent.js iuA92JY59SC5TYJCcynH/w==
ace/mode/Coldfusion.js hY2Ox5RsXA7oiE+FIzHS2A==
ace/mode/ColdfusionHighlightRules.js fsa3Id0aOq9f++tKxZKYNw==
ace/mode/CSharp.js HMknpP6O8jnQGoZpIXVgtQ==
ace/mode/CSharpHighlightRules.js WJIHIbpGq5cAmD4g9emEAQ==
ace/mode/Groovy.js qZ/KI9tjF2IDERN7CcRDxQ==
ace/mode/GroovyHighlightRules.js 8Q1Iv16ldXgHoKbWgFPnqw==
ace/mode/Haxe.js IdJj/jLyk+9xCk3iYrfcZg==
ace/mode/HaxeHighlightRules.js ARyt5ddMxjt6NMu+pIVqSQ==
ace/mode/Java.js /0VR4nI1+bBJXdGhjtbQgg==
ace/mode/JavaHighlightRules.js eWqi+Zz1OG+35+zeO/KZjA==
ace/mode/Json.js ctI49JOGxUdgEOytctwcTw==
ace/mode/JsonHighlightRules.js kOnM5z9WAZpkCUjwKJrwJg==
ace/mode/Latex.js LN4yvxLQoLtogJIEiyV/JA==
ace/mode/LatexHighlightRules.js M+yf8a1CBZzktqqH/sNUAA==
ace/mode/Lua.js JhfZI2paJ6DzCl+hXY9g9A==
ace/mode/LuaHighlightRules.js lvJF+f1W2TuvJHaJFtAalA==
ace/mode/Markdown.js PdblGkg1jtX2/e+rjFutnw==
ace/mode/MarkdownHighlightRules.js kmGuTQCQ0tPYQfxDMjS5eQ==
ace/mode/Ocaml.js Gn95P3TlmKZYbCnPVAm/Ow==
ace/mode/OcamlHighlightRules.js yScR+HZvRqoB95aUzDl8Sw==
ace/mode/Perl.js Z6gU8yfcfkqRm4G/gUnRFw==
ace/mode/PerlHighlightRules.js XT+augl420MkZYpOzO59QQ==
ace/mode/Php.js Sz/lGnFVGn2n+I1pwVkS5Q==
ace/mode/PhpHighlightRules.js j3kKlBc6NSZqHfYotGgNTQ==
ace/mode/Powershell.js KlKlLMolahLNivBAs4PYqg==
ace/mode/PowershellHighlightRules.js SQTgE6oMb5squ3LIERqCYw==
ace/mode/Python.js c0O8TIYzAOSiZnp/BXCSbA==
ace/mode/PythonHighlightRules.js 8p/xAE6idM9TXCJfuFYFbA==
ace/mode/folding/Python.js hytWxdKeOlRdPh0TtQCLeg==
ace/mode/Ruby.js chYiP1DfafELV6utuFiytg==
ace/mode/RubyHighlightRules.js 51dfE7qoYpBMOsYfqJSDfA==
ace/mode/Scad.js QqigOxCuwvWWuCsEE0Ggew==
ace/mode/ScadHighlightRules.js F3xSpTlEh7ax9AN2avfuqA==
ace/mode/Scala.js 9u8dEvnm6skYPJwmpGZDTA==
ace/mode/ScalaHighlightRules.js qUO23iuVjoLDnT/7PKEyZA==
ace/mode/Sql.js oQ4Yg+0DFdHnkK4lAtXfRg==
ace/mode/SqlHighlightRules.js ydrEEX+3MVHCXr3z8NVjWw==
ace/mode/Svg.js E+g23z8hFqOjr2AX1Bvjig==
ace/mode/SvgHighlightRules.js ikcKqJKtgBCuMj1A9980tQ==
ace/theme/Clouds.js jgS25nnkHeTfkHvDxd8hEA==
ace/theme/CloudsMidnight.js IKv1HEUl+SSko0ep0BC1+Q==
ace/theme/Cobalt.js U1UN8OhsNCKpNi2D4YJqgw==
ace/theme/CrimsonEditor.js +TBrSY9r/0IscfeingvE2w==
ace/theme/Dawn.js uBDMczE/PSBd1OMDOxZdhw==
ace/theme/Eclipse.js khrBsoRnSeiyZGgWD0iAHw==
ace/theme/IdleFingers.js gXoRZtINQ+DdolIcWDHicg==
ace/theme/KrTheme.js 6xFHSyP7zICHRPLjFx6eMg==
ace/theme/Merbivore.js VXJDe6wvHZisev/n1gleSw==
ace/theme/MerbivoreSoft.js 3QFv2oNSao25duwMMbXvtA==
ace/theme/MonoIndustrial.js On8S9ud0sqW/o3ImZYHIlw==
ace/theme/Monokai.js XtVrvFQ9Yr9BryZrKQJuMg==
ace/theme/PastelOnDark.js OgndCSEOjDXvq0nizjSZVw==
ace/theme/SolarizedDark.js maNrgCrjUcmoGOAxu1RT0A==
ace/theme/SolarizedLight.js BZwKD02SwlzJRoANfT45QQ==
ace/theme/Tomorrow.js Dgij1nPvmeHWquJLlr1LQA==
ace/theme/TomorrowNight.js IfFissHtRs18UeXTEd+P4g==
ace/theme/TomorrowNightBlue.js ESF3e4pQrX0j66utZ0jnPw==
ace/theme/TomorrowNightBright.js LDrvY6Sny1z3PWSa4LDkGg==
ace/theme/TomorrowNightEighties.js cd6OxF84DlYN3L3fH6zoiw==
ace/theme/Twilight.js x0Y7SI3AO9oXEVBtyg+Aiw==
ace/theme/VibrantInk.js SYq0H6w24XyThCTWvGvuMA==
ace/theme/VisualStudio.js A2kOlioEMCJT+6ERvzEOyQ==
jsxdev/dev/TextSession.js WuqZ6O4OERLy51jImt7yxw==
jsxdev/dev/East.js eCovP9b+D5hjOKBo43TnYw==
jsxdev/dev/Resources.js o3LhtZlGypn7syvWoM7dGw==
jsxdev/Upload.js UC6fExJJTLff/wOyMjReVw==
jsxdev/dev/West.js sgsEU4PBZxa0bhXkoEElhA==
jsxdev/dev/Console.js IbzErXPGmXodhEDzNdRUlQ==
jsxdev/dev/Watch.js 44PtjyA3LDRTCUW8hv99oQ==
extjs/ux/treegrid/TreeGridSorter.js X9IJA/aE/hT2XZ9UeH7a1A==
extjs/ux/treegrid/TreeGridColumnResizer.js 5sIIZ2Y8JuuV6K64RJ7SoQ==
extjs/ux/treegrid/TreeGridNodeUI.js vGGexuByA/bwip4ikBUFbA==
extjs/ux/treegrid/TreeGridLoader.js l1ilG2oOjn9hQEP4Q9pPdA==
extjs/ux/treegrid/TreeGridColumns.js INDfoXuL4LnHYcYbxQ8Ixw==
extjs/ux/treegrid/TreeGrid.js +TTMHVChtX/ZujIIEh4jqQ==
jsxdev/dev/WatchView.js S70uiRPn6KOwlfGx6mov5g==
jsxdev/Debug.js mztX71n0N8JHbjRYcXTyGw==
Jsx/dom/Element.js BzS9WH4v+RqR4CiCeP5YnA==
Jsx/io/WSClient.js O014+W0KhyK/65rlXksO7A==
Jsx/io/conversation/HttpHeartbeat.js GIv0wDDy2VZuuNpiJGSTpw==
Jsx/io/conversation/Conversation.js tbFUUARFYICWgK+lm5shwQ==
Jsx/io/conversation/WebSocket.js vo2ViFcJtDrV8adegDseeA==
jsxdev/Commands.js lIuyCBi8d7rWXlgI+4lTxA==
jsxdev/CodeFormatter.js mCg3fZgvq1C2muIfKsDUYw==
favicon.ico fnAuq/8/+jLb996Tr7Nerg==
jsxdev/app.conf mno9w5Atyxh4U0enqGW+jQ==
jsxdev/res/img/restart-debug.gif 5vhdfNWyFbxVhom/E+/gYg==
jsxdev/res/img/txt.png DaZr2wE/mp0SznIZ5kK8JQ==
jsxdev/res/img/fla.png EypQVoTnt7kfUOopwHIRKw==
jsxdev/res/img/delete.png aEYcpRh80savCHhkZwhfKw==
jsxdev/res/img/js.png xl+trloPwn9AHxoA5m9Rjw==
jsxdev/res/img/html.png EqzhqRhAMEmm0vwVL1O67A==
jsxdev/res/img/world.png pK4KNnFMZ+ZR/M78XinKpg==
jsxdev/res/img/process.gif iPIi89ukqzhdDK7a9gZ55A==
jsxdev/res/img/out-of.gif ubgAszBd5Va68uIc0LQvdg==
jsxdev/res/img/drop-no.gif Z/g+oEouscUGFKlvr2JfJQ==
jsxdev/res/img/comment-rows.gif tJxf+3ehQYSeIfDLlf18zQ==
jsxdev/res/img/pause-debug.gif mf4GIL0IFDXjL4+NDfrDOg==
jsxdev/res/img/debug-breakpoint.png FIhTyHGRhzERliUgMAv22g==
jsxdev/res/img/after-indentation.gif LzX6jAqs8nMwo1W33QyECA==
jsxdev/res/img/file-find.gif d5eMxralE1dwq8yrq/sQPQ==
jsxdev/res/img/resx.gif 6K4M5HWySvv0y1WjJV7VWQ==
jsxdev/res/img/hmenu-lock.gif vO8Y4lNCxpw3xE2rhwhgZQ==
jsxdev/res/img/code-bookmark.gif khBqI+CKATR+cX7mgDRYAQ==
jsxdev/res/img/by-function.gif Xzr3VqFbfxECutgVoxUeIw==
jsxdev/res/img/collapse-all.gif ItgL68hNzStn4RlXiyp+Vw==
jsxdev/res/img/php.png SM2ioqVKMfemZlR8hiwS5w==
jsxdev/res/img/copy.gif dxuX+F0dyGEDAqANZfwfMQ==
jsxdev/res/img/refresh1.gif xKsDZh2EtGCKncNzye/Lbg==
jsxdev/res/img/thread.gif JVsPz+uFF3RK1CxlgNPjrQ==
jsxdev/res/img/cpp.png PXMDGycrI38xHvz9yWtUXA==
jsxdev/res/img/stop-debug.gif s5KAflpSFD68Qm5Apjr9/w==
jsxdev/res/img/loading.gif AO+HGykbwDpJfWCKW9jsmQ==
jsxdev/res/img/server_go.png jCkjSMPbNlV+ZQU9jwAaKA==
jsxdev/res/img/browse.gif Bvtoa5YSWz/px9JKwNXGAw==
jsxdev/res/img/hmenu-unlock.gif jMggXa+lh+8C2KhpA66AdA==
jsxdev/res/img/save-all.gif WzBBzyQ0Gndx8WLm60GISQ==
jsxdev/res/img/xml.gif +kikeIkhKXbZ6B0HITuVJw==
jsxdev/res/img/debug-arrow.gif gUp1ZQgKfSAzhcsfn93c+g==
jsxdev/res/img/object.gif /f16v9TqY3LfpjZ485Omfw==
jsxdev/res/img/icon-by-category.gif mJZUyWbKK7L+NRDBzAyoVw==
jsxdev/res/img/zip.png LrpngPx9NmO8RICEgMa9ig==
jsxdev/res/img/stack.gif zePGiaJ8Ssr7MetOKyFPJg==
jsxdev/res/img/drop-add.gif les0rHCho8le85q4JqiUkQ==
jsxdev/res/img/server_stop.png JGQcdPgH0RgyhKMAmJ1aaA==
jsxdev/res/img/res.gif PZXORubyR6qlXtQAgVDaKg==
jsxdev/res/img/function.gif F5Nu/O2alyTGGA/IyUvHZQ==
jsxdev/res/img/css.gif MVLBv0Wd+x37jwcLXMfGKQ==
jsxdev/res/img/format-doc.gif Qf2akhHW1o/p8cdeC0NauQ==
jsxdev/res/img/start-debug.gif eCMfej1vrFUcUobWCTRqLQ==
jsxdev/res/img/doc.png OK8pGVPVuQsK7jDdDSEmpA==
jsxdev/res/img/next-statement.gif 7QEo8sBkRZ3mCqCELlm9wA==
jsxdev/res/img/upload.png fXkigDHvlyrKKeEfyYAeDg==
jsxdev/res/img/large-loading.gif 2W9lF+ADmcN6l2XgReqvIg==
jsxdev/res/img/save.gif OPNXUundgwZYxjIX6IMdVA==
jsxdev/res/img/server.png ks4nHhuJKgzL6Kik5dSmMg==
jsxdev/res/img/conf.png ZL/N7ZB8FmFNv58yDiW7wg==
jsxdev/res/img/before-indentation.gif 4F+RNElTT2gXsEnrAhWqjg==
jsxdev/res/img/edit.gif iL/U6AqLcNo3SAZsq7cqrA==
jsxdev/res/img/watch.gif RkiN6OFEUHs33XLj1mqCEA==
jsxdev/res/img/paste.gif xc5XK0qz87uAF9yQLcYyGA==
jsxdev/res/img/copy.png ON5Z2W7KoUfYtfRAtMSw5g==
jsxdev/res/img/cs.png 66nAbunIKdpTL+gSkrAyCQ==
jsxdev/res/img/delete-file.png uqsjxBzcNNzWsGiyP5Y3Yg==
jsxdev/res/img/next-file.gif VvStxUgX2FfRNa6OQTM/Tw==
jsxdev/res/img/xls.png c2PLdjDR1LRBGDNF/RWuYg==
jsxdev/res/img/tools.gif QIJeu1QsP0AEASMgYzkzUg==
jsxdev/res/img/revoke.gif 2blYdHUkwm56Uzdnvx81/A==
jsxdev/res/img/start.png 5i6mWBsyYwzHGcrOlM0SSQ==
jsxdev/res/img/error.png 5N1R9GVm7TzqzckAvy/fAQ==
jsxdev/res/img/picture.png 0gQMNLof/Y+ltyqze+Eeyg==
jsxdev/res/img/expand-all.gif nN52JYdslFKeeydZgyL2sA==
jsxdev/res/img/open.png EDwX0UYdPawi2azi6pFa2w==
jsxdev/res/img/h.png qJmsHzqH9bKl4T9v3gOq+w==
jsxdev/res/img/close.gif A3nQNiUAlsri5CtCez3y5w==
jsxdev/res/img/new-item.png IZiZz6FKdTPcgAELdhbXGg==
jsxdev/res/img/empty_img.png 2nIovTSk7b04swauqK4bVA==
jsxdev/res/img/py.gif sbWDkfYkI5KY1pXt2VqjnA==
jsxdev/res/img/console.png zKObYcqGKlGIcfb3omunrw==
jsxdev/res/img/js.gif NHnLgJU0jPsELMoChkvSgg==
jsxdev/res/img/world_go.png 2RvtWCPC4v2LbjYfA2+uJg==
jsxdev/res/img/prev-file.gif gcqCKHZEXbs01XXPNug09A==
jsxdev/res/img/by-statement.gif E8t4J3uPGV7j8V0CY3GRzg==
jsxdev/res/img/variable.gif DGcutYDNq9sRI/lQYN1bgQ==
jsxdev/res/img/class-pic.gif /9U3hhaIFbM0mRKIdYSjAw==
jsxdev/res/img/repeat.gif S3/eh8OR06bKW8jTmFPFKQ==
jsxdev/res/img/property-panel.gif ijbm2pWlkdO6xkNprrBnRw==
jsxdev/res/img/folder_add.png T9C6mYtVq9Mz+B+TGPiXSA==
jsxdev/res/img/client.gif qjmeVB0wrHKNUDbtVF0NLA==
jsxdev/res/img/cut.gif 4Sq6yi0e8lTx4KaEXFskgQ==
jsxdev/res/img/open-file.png CMu5cTB6RCCDm0CeouzPPQ==
jsxdev/res/img/empty.png oxErp+Jmk4MhOUNH4qbhBw==
jsxdev/res/img/c.png x3CyYgCeJXZsfc9Z635UvQ==
jsxdev/res/img/cog.png MKGAY+9CsJAZSn6TYIaWDw==
jsxdev/res/img/revoked-comment-rows.gif MW/ljLZey7M03CoWBgefWw==
jsxdev/res/default/3.png 7Ec+9EDLMtsYvw2+5/QesA==
jsxdev/res/default/5.png kg3u0ZhdCF+9w22cIeniGQ==
jsxdev/res/default/2.png bUKpbNtdG72DGV4188LFKA==
jsxdev/res/default/1.png B4ikz/9nKXMCbJ98NtI2UQ==
jsxdev/res/default/4.png iuksVSgOBp+VCvnfzs1MHA==
jsxdev/res/css/style.css i6ROmZaa2WEhhlGfEl0XkA==
Jsx/_Debug.js QMvKfSGkFcfa825DPHpRGw==
Jsx/Language.js BHQBtOvjraRcB6Bv7WfTuA==
Jsx/Resources.js 5RtLlnFxXTnSsDrQFqRIqA==
Jsx/JSON.js cYIx6nZ2sOQemv5FAE0++A==
Jsx/Storage.js Hfm2cMHr/iA2AjlpC6Kr7g==
Jsx/Ulog.js BSJLM69Qnh6Pd0R9oDF0PA==
Jsx/dom/Module.js KCMRq+SD9YEjiGoFC5hKjg==
Jsx/dom/Audio.js IECgQN6Ff9D4hxqNu7Z1JQ==
Jsx/dom/ListTemplate.js vqyJtbsBKHysc6Kqih/hkQ==
Jsx/dom/Control.js GWocIZ/6tBgcvhPtBQIbdg==
Jsx/dom/Scene.js KY+fwTeSAQLu0X2R3nPw0g==
Jsx/io/DataSource.js oUIkTig7OVshgxfCjCv84g==
Jsx/io/HttpDataSource.js JeW5eah2DS9Q8z7QM8tyNA==
Jsx/2d/Ani.js 1B2M2Y8AsgTpgAmY7PhCfg==
Jsx/2d/Control.js 1B2M2Y8AsgTpgAmY7PhCfg==
Jsx/2d/Scene.js 1B2M2Y8AsgTpgAmY7PhCfg==
extjs/ext-base-debug.js MA4ZuSVozH1tN7f+/JcD6g==
extjs/ext-all-debug-w-comments.js rbgwLsmlPyuE1Smvg7hW4Q==
extjs/theme-blue.js 5EFu+RHD4N9MUa6FsPYw3A==
extjs/ext-all-debug.js htIvGICWGlojPQnRHKUWxQ==
extjs/theme-access.js rqJoP2vCTgfiGebyKTTuVA==
extjs/ux/DataViewTransition.js Vu/BxWcn+dNvkS+At/z3gg==
extjs/ux/GroupTabPanel.js hgsVLRFYyL0f9ccAGqVaJQ==
extjs/ux/ux-all.js NKc1vGd2QR6UJTMXOsbVMw==
extjs/ux/Portal.js 2dYyIL2ez+1giK/WxH51YA==
extjs/ux/FieldReplicator.js JPBqpnXB9cwL6y1K3oLS8A==
extjs/ux/CenterLayout.js SNSZbEbaNR8dXkuJX/fH5A==
extjs/ux/SlidingPager.js vI6cbSoxf4ESukp03iLRbw==
extjs/ux/RowLayout.js 3XhEgHKQiYfDwfsQb0eU8g==
extjs/ux/Portlet.js q4WliMUdEA3fG9HvbHNZMQ==
extjs/ux/GMapPanel.js E3pHUF97juEnZYYqtTxe3w==
extjs/ux/ColumnHeaderGroup.js ILGdlWs13KZ2QTbWMT+Rkg==
extjs/ux/Spinner.js 4VnVkrjah74PBRW8bzerrA==
extjs/ux/Spotlight.js nJQ1Kfi0DLZxFMwKzIyZrg==
extjs/ux/ToolbarReorderer.js Smsk4fa0Nun9UsIVIg0rQw==
extjs/ux/TabScrollerMenu.js 4pRi3HUiVYR0mA6crDVAOg==
extjs/ux/PortalColumn.js 6hCUTeOKjAbCl5ZnpCLhmg==
extjs/ux/RowExpander.js VkVGZh58h3olBTfPInVpLw==
extjs/ux/SpinnerField.js kHe5sLh1mhAtsiPaMLKTzA==
extjs/ux/CheckColumn.js 5Z96O0FX8Mzymza2Vj1HbQ==
extjs/ux/RowEditor.js 4TkMoWcKNEqNhRqMGENH1w==
extjs/ux/PagingMemoryProxy.js RVq4+M/Ox5neabhKhlLfGw==
extjs/ux/Reorderer.js 6XTkbwNp3yKsoXzXqiGQGg==
extjs/ux/FieldLabeler.js lWb4fSg/d7T7IcPqNp+yRw==
extjs/ux/Focus.js IV9cb3nKIUFwNpAcJ0gHkQ==
extjs/ux/GroupTab.js 0T3cLgIQGmq4yAhnUqVZUw==
extjs/ux/MultiSelect.js x+j4Cr8a7d1GffUPpBuDDw==
extjs/ux/BufferView.js QKR2c92DsLOigmGsCEy9Uw==
extjs/ux/DataView-more.js vtEh1Wy6UXDAPO3eagTQyQ==
extjs/ux/ColumnNodeUI.js fGIsiBgDmSt3ltw3MCVV3A==
extjs/ux/LockingGridView.js cIoZ6QCRbDV7ce1d94yfmQ==
extjs/ux/ProgressBarPager.js 2yjVKOXIvYHSE3BEWNNeiw==
extjs/ux/TableGrid.js 3S+IoqtxFkB8ellXcM3Eqw==
extjs/ux/ItemSelector.js G57/e9a0UNvhmkMIEbYv4Q==
extjs/ux/XmlTreeLoader.js j0iTtgmAb45LdMQ0ToKdmQ==
extjs/ux/ToolbarDroppable.js lpuurjwAGMLmnyXGoSAUyQ==
extjs/ux/SearchField.js J1/DBcNgsSu/Inhz4Qhweg==
extjs/ux/ux-all-debug.js bXFuo3PM8TzIidvZ6OEeow==
extjs/ux/GroupSummary.js Tjde7+G2cVnGwy4/JQ3pew==
extjs/ux/SelectBox.js mFrpl0Zff+vAjtQTdfxd4w==
extjs/ux/TabCloseMenu.js E1/HZtPPTI0ngVl9Q5A6Eg==
extjs/ux/PanelResizer.js EfL3mhUq0k8m40BmQnOPvg==
extjs/ux/images/row-editor-btns.gif 9D5AKRkMobDadFwiZsBzZA==
extjs/ux/images/summary-bg.gif hP8KpJZZOwMBsUJLy/FTfA==
extjs/ux/images/down2.gif NuGhZ44yVRrJagXeSLNw9A==
extjs/ux/images/row-editor-bg.gif EJvwlpB/S9T2t81bZHfHVg==
extjs/ux/images/tab-scroller-menu.gif GKr6nSOtqQxVlg6z9DK3lQ==
extjs/ux/images/spinner.gif dzKknJVPfCl0ELu+SautuA==
extjs/ux/images/left2.gif 69Dc6nFmXT2WhGAskFxP5w==
extjs/ux/images/top2.gif 1cKfb/hpMf9EFCgE81ejSw==
extjs/ux/images/elbow-minus-nl.gif Xlv/uhV+zu55iduVuRnk1Q==
extjs/ux/images/bottom2.gif dzJHqvCbjAJR5F9UcJObMA==
extjs/ux/images/spinner-split.gif 0ijmPttMU8WNpAZeJBoNGQ==
extjs/ux/images/up2.gif GhGBCa1yv5ZKz9jTzjfNPg==
extjs/ux/images/elbow-plus-nl.gif 8PUMDdPubdSxHB8kWzbrAQ==
extjs/ux/images/panel-handle.gif lt3ehv0I/WoJH7Ff3sda0w==
extjs/ux/images/x-grouptabs-corners.gif l9nfMxjhOX9j7aIBsbOxhQ==
extjs/ux/images/right2.gif eLSVIpbwSXeQlRIYGw4zFg==
extjs/ux/images/summary-group-bg.gif hQz6Kka8ctJ7NnFMYG5XOA==
extjs/ux/gridfilters/GridFilters.js kB/cc7UJRSOJdymDm/8rhw==
extjs/ux/gridfilters/images/find.png nxygy2mGHhmqy0HQl63AgQ==
extjs/ux/gridfilters/images/sort_filtered_asc.gif nnqnd4PqiqOAddE4Wz+gWQ==
extjs/ux/gridfilters/images/sort_filtered_desc.gif bVlFBOBGxfK9rTkmPc02Vg==
extjs/ux/gridfilters/images/greater_than.png dGy3IOXhi9jFLB2/6qpM7w==
extjs/ux/gridfilters/images/less_than.png L7dBbIkTfJC9lHmN1ZjaBQ==
extjs/ux/gridfilters/images/equals.png h7fu5QEjL2XMJ9tcXdRpSg==
extjs/ux/gridfilters/filter/BooleanFilter.js yeu6g0h9pH5s9dassgFhUg==
extjs/ux/gridfilters/filter/Filter.js C4jcdmu8y3cOQXRVQrnctg==
extjs/ux/gridfilters/filter/DateFilter.js 01SusznL/G5vuQCgEg1PdQ==
extjs/ux/gridfilters/filter/StringFilter.js WWa+EaUVUBZJwdj/A4Hygg==
extjs/ux/gridfilters/filter/NumericFilter.js AkZAHu8Rn9QWOIQnS4DoDg==
extjs/ux/gridfilters/filter/ListFilter.js 9WAlVhkJ2cQhnTtVlo8epw==
extjs/ux/gridfilters/menu/ListMenu.js 4bSJdAnMtQDVDF2jXPHxiA==
extjs/ux/gridfilters/menu/RangeMenu.js G2htV8sdhnn+VIeJmV+BgA==
extjs/ux/gridfilters/css/RangeMenu.css 6n+fy+Q5EBWGo+sCxNvitg==
extjs/ux/gridfilters/css/GridFilters.css ReXbPYXMPGAd0gVBb0vz9Q==
extjs/ux/treegrid/treegrid.css EZUCXKXHLz9i1WLmxSVG/w==
extjs/ux/SwfUploadPanel/delete.png aEYcpRh80savCHhkZwhfKw==
extjs/ux/SwfUploadPanel/SwfUpload.js QaYrRwquzh3IMuhKySHp0Q==
extjs/ux/SwfUploadPanel/swfupload_f9.swf jukAlI04u83RoQx7MiHM5g==
extjs/ux/SwfUploadPanel/swfupload_f8.swf mcM+/eiWWiHy1cPJiHcniw==
extjs/ux/SwfUploadPanel/add.png GYjDzBOEo6ybmkEpGDJI8w==
extjs/ux/SwfUploadPanel/upload_example.php nLgaIj5NAiUGmq5tRUrdcQ==
extjs/ux/SwfUploadPanel/SwfUploadPanel.js QvfbZV1r28wq1B8YP22A3Q==
extjs/ux/SwfUploadPanel/SwfUploadPanel.css Bd/5JpfUnEmU8GvjnkoNmg==
extjs/ux/SwfUploadPanel/arrow_up.png NM7ZkJcALpp3g62h8thNGw==
extjs/ux/SwfUploadPanel/example.php ZQMfiUP1ITgMVAD28rfZMg==
extjs/ux/fileuploadfield/FileUploadField.js Vy0Zsd56nsCeYdFhI+eXVw==
extjs/ux/fileuploadfield/css/fileuploadfield.css BtSXpNCDDtLwyxNujdZxrg==
extjs/ux/css/ColumnHeaderGroup.css kS5OuZE5WnXAdqLkAuhxfg==
extjs/ux/css/tab-scroller-menu.css N9RH8DF3UFBcG0Xh9SbcIw==
extjs/ux/css/ux-all.css UT4SwhOKINiD1xKqnf4glg==
extjs/ux/css/LockingGridView.css XeAMyCCn10HY4kiHm/JvrQ==
extjs/ux/css/GroupSummary.css jn0ECdh+GnDArlzLLZ+snQ==
extjs/ux/css/CenterLayout.css FYc0JL+hNNioGDFI57sqWA==
extjs/ux/css/ColumnNodeUI.css Lte/fz0wHbmXL7u8yHfLGg==
extjs/ux/css/RowEditor.css EjeUPhqdNK3qSrFEEP/eqA==
extjs/ux/css/MultiSelect.css x4xbuO0BrYALmSEQylVVtw==
extjs/ux/css/Portal.css SmryMDCbwHe12QlSIYkZ8A==
extjs/ux/css/Spinner.css EFrYFvAsgFFObfgmgUeZuw==
extjs/ux/css/PanelResizer.css oG4czU3LeysN1tOdz/acdA==
extjs/ux/css/GroupTab.css 9pNVyxosaiLhO6FPQQnpZQ==
extjs/ux/statusbar/ValidationStatus.js TiqU/FtZZSAusv4B6T5qEQ==
extjs/ux/statusbar/StatusBar.js 5OS3BO3y1cZo7kqhaQCoqQ==
extjs/ux/statusbar/images/saved.png ybUouVQeEnln7aYveRGO8A==
extjs/ux/statusbar/images/saving.gif qzistOe9f4Be6gaUiqraEg==
extjs/ux/statusbar/images/accept.png i/7Uh1bxku16/m6qR5mq5A==
extjs/ux/statusbar/images/loading.gif AO+HGykbwDpJfWCKW9jsmQ==
extjs/ux/statusbar/images/exclamation.gif N9vgLjy94PZ4BlC/2FNeOA==
extjs/ux/statusbar/css/statusbar.css G5VEWLGFV70dEBSZ49TwRQ==
extjs/resources/charts.swf kjyK/lD8Re1C2S1quDsR9g==
extjs/resources/expressinstall.swf jEvcR0EPx8AA3NFlXi86eg==
extjs/resources/images/yourtheme/shadow-c.png erYWMjcJnyUpRSuIlTpASQ==
extjs/resources/images/yourtheme/shadow.png hgv09pDS6iq6exFQCSXaYg==
extjs/resources/images/yourtheme/README.txt wuI73TfloZVpwh9mrd4igw==
extjs/resources/images/yourtheme/gradient-bg.gif 4Rf8qdCI5M1bu87HuZqECA==
extjs/resources/images/yourtheme/shadow-lr.png mGJw2KtDMPp0mdwz7RNVmA==
extjs/resources/images/yourtheme/s.gif /JT7DD7YqPkJ28djCgmH/w==
extjs/resources/images/yourtheme/panel/tools-sprites-trans.gif gzFRPxW9Jr44l0p9f8TuQQ==
extjs/resources/images/yourtheme/panel/white-left-right.gif d6Y4nGc3rVB8pTMK2IFlJA==
extjs/resources/images/yourtheme/panel/white-top-bottom.gif +GXXI3v/PEX9SoxEj5fSNg==
extjs/resources/images/yourtheme/panel/left-right.gif ZVNke61U2D4sI18znRL2vg==
extjs/resources/images/yourtheme/panel/corners-sprite.gif 1FRshu2DX+52chInnumLaA==
extjs/resources/images/yourtheme/panel/top-bottom.gif pIVOGzrqYBI1IstoekYsBQ==
extjs/resources/images/yourtheme/panel/white-corners-sprite.gif gfCJ0CR8oa0SCTviGITXcw==
extjs/resources/images/yourtheme/panel/top-bottom.png KmWife91aglRZEtRH28szg==
extjs/resources/images/yourtheme/panel/light-hd.gif sFiv/Miz6KA750vJ2Wl9pw==
extjs/resources/images/yourtheme/panel/tool-sprites.gif wqxu3vMY7Rig78ycdMeoGw==
extjs/resources/images/yourtheme/panel/tool-sprite-tpl.gif 4ESXaM1dzoCxj6yQSBirMw==
extjs/resources/images/yourtheme/shared/right-btn.gif 5606f0gUeRzs8bkOd+nhOQ==
extjs/resources/images/yourtheme/shared/left-btn.gif a/MMbPC11wQ2w+RjtVMrNQ==
extjs/resources/images/yourtheme/shared/blue-loading.gif 3C/XwO2FPFa0rGVxCvO9Cg==
extjs/resources/images/yourtheme/shared/warning.gif RI3JNKfw3WCStR+IoeR7LQ==
extjs/resources/images/yourtheme/shared/loading-balls.gif rAYrlO1nSqpQpsGN+SrN8w==
extjs/resources/images/yourtheme/shared/hd-sprite.gif alSumL71M5fVIoIgGFLCBA==
extjs/resources/images/yourtheme/shared/large-loading.gif 2W9lF+ADmcN6l2XgReqvIg==
extjs/resources/images/yourtheme/shared/glass-bg.gif vCzVxaybOHTZVsiS0j8hGQ==
extjs/resources/images/yourtheme/shared/calendar.gif gSls/x+X9TZVJPK53PYm2g==
extjs/resources/images/yourtheme/editor/tb-sprite.gif ovBsrdwvtynbXLvYdEkRKA==
extjs/resources/images/yourtheme/layout/expand.gif ycmw6lMRw9wBbGncI0kSvA==
extjs/resources/images/yourtheme/layout/mini-right.gif y9+fsMRUZrQhesn3vWqe1A==
extjs/resources/images/yourtheme/layout/stuck.gif dF4MrLUSUOoCFu/EoctQyw==
extjs/resources/images/yourtheme/layout/stick.gif vp5nrgthsBz9FZKMp6PaUQ==
extjs/resources/images/yourtheme/layout/mini-left.gif hlT9tF7PRAavL84dO+t1lg==
extjs/resources/images/yourtheme/layout/panel-title-light-bg.gif aI06JjRC2xJdoXDl066/cA==
extjs/resources/images/yourtheme/layout/ns-collapse.gif 76n716Hz8PHyI2A5HhYSbw==
extjs/resources/images/yourtheme/layout/panel-title-bg.gif tmOEwwmjl5YziadrB+ns1A==
extjs/resources/images/yourtheme/layout/gradient-bg.gif 4Rf8qdCI5M1bu87HuZqECA==
extjs/resources/images/yourtheme/layout/tab-close.gif +SEHzGtMt4rwhGSKYo4B0g==
extjs/resources/images/yourtheme/layout/mini-bottom.gif ro42dP0ymX3FIX1dYZmlpQ==
extjs/resources/images/yourtheme/layout/mini-top.gif +9kemFdvZv0nAklSUbFSQA==
extjs/resources/images/yourtheme/layout/ns-expand.gif 2h+dQMCR07bceo3uT8Aqxg==
extjs/resources/images/yourtheme/layout/tab-close-on.gif CuLJeOhTkaafDc6NoY2LIw==
extjs/resources/images/yourtheme/layout/panel-close.gif sYXaGDc0RSm/toSpbYNxtQ==
extjs/resources/images/yourtheme/layout/collapse.gif 387AgD1Iing5FsdQ/YOolw==
extjs/resources/images/yourtheme/qtip/tip-sprite.gif CQstg5UuaC+rQ7KrFr4pkQ==
extjs/resources/images/yourtheme/qtip/tip-anchor-sprite.gif 85vDKDtpQxzm567S/miCuQ==
extjs/resources/images/yourtheme/qtip/bg.gif ScClMMwWNXuznVHBMGWojw==
extjs/resources/images/yourtheme/qtip/close.gif A3nQNiUAlsri5CtCez3y5w==
extjs/resources/images/yourtheme/grid/sort-hd.gif JkCt3vbph7TF36TIwt+xDA==
extjs/resources/images/yourtheme/grid/dirty.gif 3syjuW4sN89usE3bDZ9mmw==
extjs/resources/images/yourtheme/grid/group-expand.gif iprT7T10wpEbfxASaKGEOw==
extjs/resources/images/yourtheme/grid/page-prev.gif gNqtiASD7taCsi7HBRTsxA==
extjs/resources/images/yourtheme/grid/hmenu-lock.png KjsLRBg09EPBCGkwk579rg==
extjs/resources/images/yourtheme/grid/pick-button.gif tDH98wbx4vAz0KQxmW3pPw==
extjs/resources/images/yourtheme/grid/grid-blue-split.gif BJS6SZdP8rwb+B4dgt/uGA==
extjs/resources/images/yourtheme/grid/drop-no.gif tTyobWD7zHpFyJFymSGL/Q==
extjs/resources/images/yourtheme/grid/invalid_line.gif BKiOl7Vuio7OSmbUnMeIKA==
extjs/resources/images/yourtheme/grid/grid3-special-col-bg.gif yd8DocEHNgEo2on6RwZkBQ==
extjs/resources/images/yourtheme/grid/col-move-bottom.gif nDi8tc7h3JtM5krZqxOG+A==
extjs/resources/images/yourtheme/grid/row-over.gif 9jkJS9BWCu+ryG5RqCXyPQ==
extjs/resources/images/yourtheme/grid/hmenu-unlock.png wfYd9wuYxUmOqB5+e57/uw==
extjs/resources/images/yourtheme/grid/grid-blue-hd.gif 3TXVwSAsRAwtGpRbM1mE0w==
extjs/resources/images/yourtheme/grid/row-check-sprite.gif LQqn5QHD5vl6l/r3XjXTww==
extjs/resources/images/yourtheme/grid/hmenu-lock.gif vO8Y4lNCxpw3xE2rhwhgZQ==
extjs/resources/images/yourtheme/grid/nowait.gif I8kRZtuxa6hlU2MyG/WkAA==
extjs/resources/images/yourtheme/grid/group-by.gif P/jFk241jPITInUJyb7pWg==
extjs/resources/images/yourtheme/grid/grid-split.gif PvQZ1LlCHY6U9nOmI43EwA==
extjs/resources/images/yourtheme/grid/group-expand-sprite.gif 0PYUo4cpIXfzrLDJWkzXYA==
extjs/resources/images/yourtheme/grid/page-last.gif 71JN0Ljf5O7+z/qhwLuO3Q==
extjs/resources/images/yourtheme/grid/page-next.gif 9vnSIJ38mZEv/JhI2XZG2w==
extjs/resources/images/yourtheme/grid/hd-pop.gif 5fJ6L2jMLROxHPQcRtKY3A==
extjs/resources/images/yourtheme/grid/row-sel.gif yofWuVA4bt1eF8mFdp2RAQ==
extjs/resources/images/yourtheme/grid/hmenu-desc.gif 8KmHs0sAOyWnyCYk1B8Big==
extjs/resources/images/yourtheme/grid/loading.gif AO+HGykbwDpJfWCKW9jsmQ==
extjs/resources/images/yourtheme/grid/hmenu-unlock.gif jMggXa+lh+8C2KhpA66AdA==
extjs/resources/images/yourtheme/grid/grid-hrow.gif VZcqUGPYDzX7a5Wnm7ABig==
extjs/resources/images/yourtheme/grid/grid3-special-col-sel-bg.gif qUA5+J3sFkiWzv8fvfbbxQ==
extjs/resources/images/yourtheme/grid/grid-loading.gif msb3N+ubFScvErAL/rPDxg==
extjs/resources/images/yourtheme/grid/drop-yes.gif r5b0w7MqRw2y84q7Uhtclw==
extjs/resources/images/yourtheme/grid/row-expand-sprite.gif voEZnZ1PppvvR6jwNqWn2A==
extjs/resources/images/yourtheme/grid/page-first-disabled.gif jTGFAoxUHLzOZ7WQnASCTg==
extjs/resources/images/yourtheme/grid/wait.gif sM1aXcBwxwXr+IFKkJgCww==
extjs/resources/images/yourtheme/grid/grid3-hd-btn.gif 4+dwcsFqaydVYjaWHynFUg==
extjs/resources/images/yourtheme/grid/page-next-disabled.gif D0uGgXcskZIfqT7enHVeoA==
extjs/resources/images/yourtheme/grid/sort_desc.gif 0QT88RnUDFFVTduLN3FC5Q==
extjs/resources/images/yourtheme/grid/arrow-left-white.gif sE6Fm9y9Ia0fBri/p4gd+A==
extjs/resources/images/yourtheme/grid/refresh.gif 8aLn3zA5TFowvHbC0JATtw==
extjs/resources/images/yourtheme/grid/col-move-top.gif xFhCAtUXJGQFD2ddOW0cbw==
extjs/resources/images/yourtheme/grid/mso-hd.gif N/upwC8O7+V/ZViQ7vHEoQ==
extjs/resources/images/yourtheme/grid/arrow-right-white.gif cU6wD4E03eOmXIPz9xrSxA==
extjs/resources/images/yourtheme/grid/grid-vista-hd.gif Z19APoqctatL7XJdqf4gIw==
extjs/resources/images/yourtheme/grid/done.gif NlJmkwqTRRQU/lH/xSShlg==
extjs/resources/images/yourtheme/grid/page-last-disabled.gif HRIyN87rUQmhuSdPDPGdcw==
extjs/resources/images/yourtheme/grid/grid3-hrow.gif PkSE6o2xCvEyCAjIR3NG6g==
extjs/resources/images/yourtheme/grid/sort_asc.gif I1KHS19jbKMx/pUJovm91w==
extjs/resources/images/yourtheme/grid/footer-bg.gif Ze1j5ExhSfESetO0vk4BCA==
extjs/resources/images/yourtheme/grid/page-prev-disabled.gif 7vy+0VyNN6iWGLCPeyJClw==
extjs/resources/images/yourtheme/grid/group-collapse.gif /Wpy/6eEFw2D+fEzIiZsqA==
extjs/resources/images/yourtheme/grid/page-first.gif FuwA+ncNhgt2jPUDTd/Klg==
extjs/resources/images/yourtheme/grid/hmenu-asc.gif BI4Lww98OdRz2tXavL4D8g==
extjs/resources/images/yourtheme/grid/columns.gif 7zUkL6ZRSoHRfV9wD1YbfA==
extjs/resources/images/yourtheme/grid/grid3-hrow-over.gif qS2PbBBpQ5lXIPKIRjRnDg==
extjs/resources/images/yourtheme/sizer/ne-handle-dark.gif EV9xuFHH8LXzVMqnuN//FQ==
extjs/resources/images/yourtheme/sizer/se-handle.gif ce3D9j959EfSyB7gnh+7ww==
extjs/resources/images/yourtheme/sizer/sw-handle-dark.gif RLJADYc8+KI9hEJIJ83kTQ==
extjs/resources/images/yourtheme/sizer/sw-handle.gif w+C+/EIIpRGANEdl/X3u2g==
extjs/resources/images/yourtheme/sizer/s-handle.gif XjM4ywnp339SOD1rFCP8hg==
extjs/resources/images/yourtheme/sizer/nw-handle.gif ESBgBQUknDjD0cwqsSDNEw==
extjs/resources/images/yourtheme/sizer/nw-handle-dark.gif SjYeaSCy40o5/UJaUVyDuQ==
extjs/resources/images/yourtheme/sizer/ne-handle.gif jiaLli3JCdJ1mXtXL/F6cg==
extjs/resources/images/yourtheme/sizer/e-handle-dark.gif uGKJ9B160adAHdKyqbPD2A==
extjs/resources/images/yourtheme/sizer/square.gif RDHqGVS/0qnOoJMfB/x/+g==
extjs/resources/images/yourtheme/sizer/e-handle.gif UQ7cleuqNjBpFsUMoQWW9w==
extjs/resources/images/yourtheme/sizer/se-handle-dark.gif 89jYqsI+PpYzBy4jZs2oRw==
extjs/resources/images/yourtheme/sizer/s-handle-dark.gif SmvxXTCKSuWA3QPL1DGpXA==
extjs/resources/images/yourtheme/slider/slider-bg.png CQOtOvmFQZdnpgpbAl4KGA==
extjs/resources/images/yourtheme/slider/slider-v-thumb.png L8NDDcNR2aEY4Ei5qvt8PA==
extjs/resources/images/yourtheme/slider/slider-v-bg.png BoLCiSWnKWcw9/Ih5Kdrlg==
extjs/resources/images/yourtheme/slider/slider-thumb.png JKiTyWBvOmiS62LymgiHDA==
extjs/resources/images/yourtheme/form/clear-trigger.psd yMLYQ0WHKN9cGEpUhixZRg==
extjs/resources/images/yourtheme/form/trigger-tpl.gif 174g8Nw49PRs0xj+Ms884w==
extjs/resources/images/yourtheme/form/text-bg.gif 1bpUwfQX5qcsvOi5CQeHJw==
extjs/resources/images/yourtheme/form/search-trigger.psd 2qz7bUULjNVtpZBdtMi4wA==
extjs/resources/images/yourtheme/form/trigger.gif RH1bYA91J/XIzEnnRTu7Jw==
extjs/resources/images/yourtheme/form/checkbox.gif ddaFyrVmWpNWYKPQT3HCvg==
extjs/resources/images/yourtheme/form/search-trigger.gif VZ7zcs8no4Z42E6MC3I3/A==
extjs/resources/images/yourtheme/form/trigger.psd UTqMYB4nijWjyzJy/Rdp3w==
extjs/resources/images/yourtheme/form/trigger-square.psd Xmar0PoTE70FLbfRIfYmwQ==
extjs/resources/images/yourtheme/form/radio.gif Ajm9rvUpvmhTC4YmaiR0LA==
extjs/resources/images/yourtheme/form/trigger-square.gif wcuuzJEgn3fi0gI1wTfhPg==
extjs/resources/images/yourtheme/form/clear-trigger.gif l7Pl6e3ye1DWPUgJjC8erg==
extjs/resources/images/yourtheme/form/exclamation.gif N9vgLjy94PZ4BlC/2FNeOA==
extjs/resources/images/yourtheme/form/date-trigger.psd PxDs8NlhAGUH0EP5ufzkXg==
extjs/resources/images/yourtheme/form/date-trigger.gif MLW6zp89rDWHFsFBUnD4dA==
extjs/resources/images/yourtheme/form/error-tip-corners.gif NkR0J2F4x7SLYnAFa0K4CA==
extjs/resources/images/yourtheme/dd/drop-no.gif rlNsNzkbp4FDtcgoPOyNEw==
extjs/resources/images/yourtheme/dd/drop-yes.gif 8yFjJsAIkCWehPFybdEEPw==
extjs/resources/images/yourtheme/dd/drop-add.gif les0rHCho8le85q4JqiUkQ==
extjs/resources/images/yourtheme/toolbar/tb-xl-sep.gif BuAmOH4t0PSeiKBHkc8m+g==
extjs/resources/images/yourtheme/toolbar/btn-over-bg.gif +t35skzvpyEya6P4fz7zHw==
extjs/resources/images/yourtheme/toolbar/tb-bg.gif Uwkzf9eiLKudlGf9nqoKDA==
extjs/resources/images/yourtheme/toolbar/gray-bg.gif zy2UCPMg5pbmB9hHKvp/8A==
extjs/resources/images/yourtheme/toolbar/tb-btn-sprite.gif ugpdd9tylCeC/EvyP3EHOA==
extjs/resources/images/yourtheme/toolbar/btn-arrow.gif Er2imkyAFs+gR+hSxDU/WQ==
extjs/resources/images/yourtheme/toolbar/btn-arrow-light.gif +kmzmg/YjvJiZNpEorTt6g==
extjs/resources/images/yourtheme/toolbar/more.gif FcejDUExMFtnL+HnbZYtTQ==
extjs/resources/images/yourtheme/toolbar/bg.gif t5UFIEGqdqQkZrO+VXUHfw==
extjs/resources/images/yourtheme/toolbar/tb-xl-btn-sprite.gif P/1VibQYiSMHVeohCMwOkg==
extjs/resources/images/yourtheme/progress/progress-bg.gif /XWrzZ0cuFNPJPQ4px5v2A==
extjs/resources/images/yourtheme/menu/menu.gif rhKNXz86OSE/PU4jrshyjw==
extjs/resources/images/yourtheme/menu/item-over.gif u0zcDqJXg0zV7QH4gzh9jw==
extjs/resources/images/yourtheme/menu/menu-parent.gif 0wOtfjztiRc26A934dTlHQ==
extjs/resources/images/yourtheme/menu/unchecked.gif MYRhGL3ceUW1leogkFic8Q==
extjs/resources/images/yourtheme/menu/group-checked.gif 95c0Q9keXgdAE/GwfueUeQ==
extjs/resources/images/yourtheme/menu/checked.gif y3s0CN9W9VhaqhJCzS8LRQ==
extjs/resources/images/yourtheme/window/left-corners.psd GGGBFZheWQXHpjRcPvAlWg==
extjs/resources/images/yourtheme/window/left-corners.png HYqc22Y+KSq3De9HCU3FKA==
extjs/resources/images/yourtheme/window/top-bottom.psd gmyoP7mJK+SfGxqq9h/WxA==
extjs/resources/images/yourtheme/window/right-corners.png 58Ta1plmhXUKz7ovTikRWg==
extjs/resources/images/yourtheme/window/icon-info.gif 7Gt6XUyu6nZ8hnRom65Hxg==
extjs/resources/images/yourtheme/window/icon-error.gif 9He1S2uDYTYulsIhjc5+oA==
extjs/resources/images/yourtheme/window/icon-question.gif JxNkSoqlgnKNceNeymL7zQ==
extjs/resources/images/yourtheme/window/top-bottom.png Tx6GIHsijBksLiQ/d4VK2w==
extjs/resources/images/yourtheme/window/right-corners.psd Ua6k3Wu97feSM0LkO6y7eg==
extjs/resources/images/yourtheme/window/icon-warning.gif PyAlgnKvDgD2t1MbO5ruNQ==
extjs/resources/images/yourtheme/window/left-right.png 1l3VMY8AMUOSe8DXxf9uLw==
extjs/resources/images/yourtheme/window/left-right.psd ApyLpit36RCwd2TjJMMqhA==
extjs/resources/images/yourtheme/tree/elbow.gif J2efOxIiupXZkliF19gtAg==
extjs/resources/images/yourtheme/tree/elbow-end-plus.gif 7BSCORNjYS2eX4xwh/3aug==
extjs/resources/images/yourtheme/tree/drop-no.gif Z/g+oEouscUGFKlvr2JfJQ==
extjs/resources/images/yourtheme/tree/elbow-end-plus-nl.gif 8PUMDdPubdSxHB8kWzbrAQ==
extjs/resources/images/yourtheme/tree/elbow-end.gif NFVROEqjJRibooocIPNAXg==
extjs/resources/images/yourtheme/tree/loading.gif AO+HGykbwDpJfWCKW9jsmQ==
extjs/resources/images/yourtheme/tree/drop-between.gif 7bVEoN5YVH1KOcUm4G48gg==
extjs/resources/images/yourtheme/tree/drop-yes.gif 8yFjJsAIkCWehPFybdEEPw==
extjs/resources/images/yourtheme/tree/arrows.gif q2UDfeNHY84bSJ5cDxIYXQ==
extjs/resources/images/yourtheme/tree/elbow-minus-nl.gif Xlv/uhV+zu55iduVuRnk1Q==
extjs/resources/images/yourtheme/tree/drop-add.gif les0rHCho8le85q4JqiUkQ==
extjs/resources/images/yourtheme/tree/folder-open.gif xWkUHWrnxh2DjtivJqqTgA==
extjs/resources/images/yourtheme/tree/drop-under.gif VeXbyUUc+pFCODImCwdTqg==
extjs/resources/images/yourtheme/tree/folder.gif tyCXQLtKgloGvrhpjZLCsQ==
extjs/resources/images/yourtheme/tree/elbow-end-minus.gif pGn2pDlNeXwu/v/HBAn22w==
extjs/resources/images/yourtheme/tree/elbow-plus-nl.gif 8PUMDdPubdSxHB8kWzbrAQ==
extjs/resources/images/yourtheme/tree/elbow-line.gif kOR4FY30dtyYmmDaqvyH5g==
extjs/resources/images/yourtheme/tree/elbow-end-minus-nl.gif Xlv/uhV+zu55iduVuRnk1Q==
extjs/resources/images/yourtheme/tree/elbow-plus.gif lFVy0Gp0tflSJRqGxZXy2g==
extjs/resources/images/yourtheme/tree/s.gif /JT7DD7YqPkJ28djCgmH/w==
extjs/resources/images/yourtheme/tree/drop-over.gif 1rMDz6Peh4QFfZ1+Zs2qhg==
extjs/resources/images/yourtheme/tree/elbow-minus.gif cbsb1EsSdMYNMNuh3kcu1w==
extjs/resources/images/yourtheme/tree/leaf.gif I3V9bjU/ND48ft/ihCjxmA==
extjs/resources/images/yourtheme/button/s-arrow-b-noline.gif MNBPZSVR8d+dWdM6mcmjIA==
extjs/resources/images/yourtheme/button/arrow.gif RLbb84UjaiaXkyp6PiC0oA==
extjs/resources/images/yourtheme/button/s-arrow.gif vHEpbd+cfvWqVrCco1Esig==
extjs/resources/images/yourtheme/button/s-arrow-o.gif UAXY3qL5RWqvKrJ8p79WUQ==
extjs/resources/images/yourtheme/button/group-lr.gif y3gTAS1r4X4IODXWADcCng==
extjs/resources/images/yourtheme/button/group-cs.gif XcAlK9ns9y+Y2FhCcFTPCA==
extjs/resources/images/yourtheme/button/btn.gif QKyHF1UCPMEa0V3Nd7VNvw==
extjs/resources/images/yourtheme/button/s-arrow-bo.gif U6FdeQegFxIvf2BALENXUw==
extjs/resources/images/yourtheme/button/s-arrow-noline.gif E/CKJ1xYE1NluOWLMXerGg==
extjs/resources/images/yourtheme/button/s-arrow-b.gif qVem1hjRm5Ki0aehtQ9SNQ==
extjs/resources/images/yourtheme/button/group-tb.gif Tt+bfbE7EzEoLu0pg4TKuQ==
extjs/resources/images/yourtheme/box/l.gif xNnbvcWa4GtennKmqGXJgQ==
extjs/resources/images/yourtheme/box/corners-blue.gif hv1MVmTglxv8EZWehEJgTA==
extjs/resources/images/yourtheme/box/tb-blue.gif fEsZ62gq/cG94GQNIyH7JQ==
extjs/resources/images/yourtheme/box/tb.gif 3T9jr+e6kJg7pz2tHGa/Lw==
extjs/resources/images/yourtheme/box/corners.gif 0tG8IIWzac41/9IMASFnbg==
extjs/resources/images/yourtheme/box/l-blue.gif ztn/v2bqOedwg6WR+CVyZw==
extjs/resources/images/yourtheme/box/r-blue.gif gtu1IqgOMkb2KXcZNxqUlA==
extjs/resources/images/yourtheme/box/r.gif vx4dSkX5Ua5laWioyDTwSg==
extjs/resources/images/yourtheme/tabs/scroll-left.gif 8c5RWGUIgOn+JW5zn2DdIw==
extjs/resources/images/yourtheme/tabs/tab-strip-bg.gif WxuU6WaaqrTnblq6i/jsHQ==
extjs/resources/images/yourtheme/tabs/tab-btm-over-left-bg.gif 9/E8TCp8HjSXsviTEiffPw==
extjs/resources/images/yourtheme/tabs/tab-btm-over-right-bg.gif e/Pxdzi2xT9qPwh2DqpQiQ==
extjs/resources/images/yourtheme/tabs/tabs-sprite.gif JWKhetAHa903EdGOYvdMJw==
extjs/resources/images/yourtheme/tabs/tab-strip-bg.png 2Z47eyYQ88haqUP+E55q+g==
extjs/resources/images/yourtheme/tabs/tab-btm-inactive-left-bg.gif 7RkJLUQMW/vchk9xTybuAw==
extjs/resources/images/yourtheme/tabs/tab-strip-btm-bg.gif 927seIH8x6D3Y1TRhOAIfg==
extjs/resources/images/yourtheme/tabs/scroller-bg.gif Q0VwaNkZ+t0OlZVCz9ga0g==
extjs/resources/images/yourtheme/tabs/tab-btm-inactive-right-bg.gif w/NA3J9/k5jhOV81HnBt/Q==
extjs/resources/images/yourtheme/tabs/tab-btm-left-bg.gif dorE5VMZdP7aB2y8p6XLbg==
extjs/resources/images/yourtheme/tabs/tab-close.gif WTBKVvXg9Qa/Zxrq+4/HZw==
extjs/resources/images/yourtheme/tabs/scroll-right.gif kF6neMtkx07zzUmuT6ZLcQ==
extjs/resources/images/yourtheme/tabs/tab-btm-right-bg.gif 3+Y6Fw1TkdVmRdv+0ntdIg==
extjs/resources/images/gray/gradient-bg.gif 4Rf8qdCI5M1bu87HuZqECA==
extjs/resources/images/gray/s.gif /JT7DD7YqPkJ28djCgmH/w==
extjs/resources/images/gray/panel/tools-sprites-trans.gif yuDIynVALMfglrdDq78VTA==
extjs/resources/images/gray/panel/white-left-right.gif UtZipG3JC1BDdl8tbQwazQ==
extjs/resources/images/gray/panel/white-top-bottom.gif Z9ydCMcw7pG9zweNUHFYCg==
extjs/resources/images/gray/panel/left-right.gif EFDICGmxPBvMpjGbBI6hpQ==
extjs/resources/images/gray/panel/corners-sprite.gif FUBHw7OKvBEKQ8NI6mk8dw==
extjs/resources/images/gray/panel/top-bottom.gif LMdcTAdiMrqELWN3jiCq9g==
extjs/resources/images/gray/panel/white-corners-sprite.gif wi7XkshZzo3N/VL21rFePw==
extjs/resources/images/gray/panel/top-bottom.png KmWife91aglRZEtRH28szg==
extjs/resources/images/gray/panel/light-hd.gif ML5fo6W8OJ9N4mDpH/JPWw==
extjs/resources/images/gray/panel/tool-sprites.gif ///VaptUFVxcMAaN86rU1A==
extjs/resources/images/gray/panel/tool-sprite-tpl.gif SxMitZZqWIq7CCmyeBj3OA==
extjs/resources/images/gray/shared/right-btn.gif GSxbwz3Z94BDnbUch3fcTw==
extjs/resources/images/gray/shared/left-btn.gif /c0epxNVev4XvXQSpJDDKQ==
extjs/resources/images/gray/shared/hd-sprite.gif 3PxtoZaeODYPSguFgwP+Jw==
extjs/resources/images/gray/qtip/tip-sprite.gif k+Nm2FoMvRnLYAGpJU36LA==
extjs/resources/images/gray/qtip/tip-anchor-sprite.gif 1USWY9sGx0xNj62pslcv+Q==
extjs/resources/images/gray/qtip/bg.gif Y/KX3Y+nfwl2FthA6a0OcA==
extjs/resources/images/gray/qtip/close.gif A3nQNiUAlsri5CtCez3y5w==
extjs/resources/images/gray/grid/sort-hd.gif qQyr8qYw8cOjcyUVWxNB5w==
extjs/resources/images/gray/grid/group-expand.gif XLcto/YqAMgZJx4eS9SwZA==
extjs/resources/images/gray/grid/page-prev.gif 0/7/TOUDHGEjbQgIGs1eMg==
extjs/resources/images/gray/grid/grid3-special-col-bg2.gif 4BpyL61mdEeUYZQWgzVyPA==
extjs/resources/images/gray/grid/grid3-special-col-bg.gif vvjaMPvevabEbFLsZ3qn/Q==
extjs/resources/images/gray/grid/col-move-bottom.gif TK72/tESix4o79YRsdBbdQ==
extjs/resources/images/gray/grid/grid3-hrow2.gif Mn+mhryq8CowXVaoAf0rqw==
extjs/resources/images/gray/grid/grid3-hrow-over2.gif WZ+hklqX2mAaXWAMwFO9ww==
extjs/resources/images/gray/grid/group-expand-sprite.gif fm+UeoZu6ySe8H5xSaCDAQ==
extjs/resources/images/gray/grid/page-last.gif eXZfGSHea1w4dtITfRu2uQ==
extjs/resources/images/gray/grid/page-next.gif Ou3gdqTgTLuew/XpNm64Xw==
extjs/resources/images/gray/grid/grid3-special-col-sel-bg.gif YE2ul9gUAn7JDqiTvYKqxg==
extjs/resources/images/gray/grid/row-expand-sprite.gif rwA6M1xSm3aK5UNBxV8obQ==
extjs/resources/images/gray/grid/grid3-hd-btn.gif YU4r/RruRHtsBrSVK3R1Uw==
extjs/resources/images/gray/grid/sort_desc.gif jTkcaaEYrwHHf+gS2iMX0A==
extjs/resources/images/gray/grid/refresh.gif yOAoke4nL+spH7Ph0WCspw==
extjs/resources/images/gray/grid/col-move-top.gif GeAhtOshBT1VI2EV0dcVHQ==
extjs/resources/images/gray/grid/grid3-hrow.gif PkSE6o2xCvEyCAjIR3NG6g==
extjs/resources/images/gray/grid/sort_asc.gif zuJtUiblblBa+f4ukrcD5A==
extjs/resources/images/gray/grid/group-collapse.gif lEFdmOKoC6QDLMLx1+ORgA==
extjs/resources/images/gray/grid/page-first.gif SnQh0xgj1TzGSDreu/TmEg==
extjs/resources/images/gray/grid/grid3-hrow-over.gif oZjzWbh8vF3w2Zv6i+0mjA==
extjs/resources/images/gray/sizer/se-handle.gif px0fin0dHlVLrHfYOMHh0g==
extjs/resources/images/gray/sizer/sw-handle.gif fohU0/ljdnzLr9Pk+09KJg==
extjs/resources/images/gray/sizer/s-handle.gif ziVAXZhvnDimth5ika7PSw==
extjs/resources/images/gray/sizer/nw-handle.gif scvxqn32MFcBFS8HCPKlsg==
extjs/resources/images/gray/sizer/ne-handle.gif +9Pl+Q3wLMkIS6Q6QNr7YA==
extjs/resources/images/gray/sizer/square.gif DOFDGMCoZD0R5yPyyVs8sQ==
extjs/resources/images/gray/sizer/e-handle.gif uSyUuI39h0Mib6Rw8UloAQ==
extjs/resources/images/gray/slider/slider-v-thumb.png gKJOAk3x7OZw9KB08RuRyg==
extjs/resources/images/gray/slider/slider-thumb.png qukKkKMAdL7ZrsFJ058IZA==
extjs/resources/images/gray/form/trigger.gif /OTHbOOcOOoS9jquiCYLZg==
extjs/resources/images/gray/form/search-trigger.gif Xgk5Bfc/8b2IWpcvkpimrg==
extjs/resources/images/gray/form/trigger-square.gif mT8+E5+BUxCM82JG5sEzBA==
extjs/resources/images/gray/form/clear-trigger.gif gUvHjn0UJkvQJN7hBxfR+Q==
extjs/resources/images/gray/form/date-trigger.gif U9JH6R0HFyUmoX5m4zZbCg==
extjs/resources/images/gray/toolbar/btn-over-bg.gif +t35skzvpyEya6P4fz7zHw==
extjs/resources/images/gray/toolbar/tb-bg.gif Uwkzf9eiLKudlGf9nqoKDA==
extjs/resources/images/gray/toolbar/gray-bg.gif S/Ilz0/xkZomVTHYJN1Sqg==
extjs/resources/images/gray/toolbar/tb-btn-sprite.gif fH1cECnSV0i5Mjpn3Y3JLw==
extjs/resources/images/gray/toolbar/btn-arrow.gif Er2imkyAFs+gR+hSxDU/WQ==
extjs/resources/images/gray/toolbar/btn-arrow-light.gif +kmzmg/YjvJiZNpEorTt6g==
extjs/resources/images/gray/toolbar/more.gif GK9BC5sZqsOJ+oH+bVxNeQ==
extjs/resources/images/gray/toolbar/bg.gif XI/w6i9uEiYVT2YABrtQEw==
extjs/resources/images/gray/progress/progress-bg.gif rcXqNcN0F4GJfgdWCLbJLw==
extjs/resources/images/gray/menu/item-over-disabled.gif 70xgo5ZWYKQKqsh0NM1Htg==
extjs/resources/images/gray/menu/item-over.gif RIxpo3WGgkeaXLUytd+QKg==
extjs/resources/images/gray/menu/menu-parent.gif +V+EDL/aCEyJHtbphB/U4g==
extjs/resources/images/gray/menu/group-checked.gif f7FdYUtHnaEWTenCE+S0xA==
extjs/resources/images/gray/window/left-corners.png LaV+s6IwdGEuQc9dbwbYrw==
extjs/resources/images/gray/window/right-corners.png 3OvcZ4ISJWV1QCaYTqMfCw==
extjs/resources/images/gray/window/icon-info.gif 7Gt6XUyu6nZ8hnRom65Hxg==
extjs/resources/images/gray/window/icon-error.gif 9He1S2uDYTYulsIhjc5+oA==
extjs/resources/images/gray/window/icon-question.gif JxNkSoqlgnKNceNeymL7zQ==
extjs/resources/images/gray/window/top-bottom.png JK1VIGv3BnasXlCsTt6rWw==
extjs/resources/images/gray/window/icon-warning.gif PyAlgnKvDgD2t1MbO5ruNQ==
extjs/resources/images/gray/window/left-right.png Te+Q+oOghy7iJLUwLgB8uA==
extjs/resources/images/gray/tree/elbow-end-plus.gif B8l4dK9aFNkJvEYsONHVwg==
extjs/resources/images/gray/tree/elbow-end-plus-nl.gif B7S6Tx1MDz0k+Yd0C12X1A==
extjs/resources/images/gray/tree/arrows.gif 4NUcNwYXQvzcXhQdkDDEgw==
extjs/resources/images/gray/tree/elbow-end-minus.gif rXZ88N8J6FCXjPrVkDraPg==
extjs/resources/images/gray/tree/elbow-end-minus-nl.gif +Xp5dDl0E87cxNoBxpXFwA==
extjs/resources/images/gray/button/btn-sprite.gif lFrf4ZjXIxocGtdhw1OkBQ==
extjs/resources/images/gray/button/s-arrow-o.gif EeddNe0F0G1C7kg2aFP3cA==
extjs/resources/images/gray/button/group-lr.gif YbX85G30R+EHbMxwN4NrXA==
extjs/resources/images/gray/button/group-cs.gif bRwu3NcQBXdiOWzP9rWjPw==
extjs/resources/images/gray/button/btn.gif 36ieJLXcpnMdxpm6jVaVCg==
extjs/resources/images/gray/button/btn-arrow.gif niNl75jGCW9rX0Eathi7Tg==
extjs/resources/images/gray/button/s-arrow-bo.gif xFVRn8n/W0PB8Zpc2/xrfA==
extjs/resources/images/gray/button/group-tb.gif goJSskEVTb5FcWpkp76+Yw==
extjs/resources/images/gray/tabs/scroll-left.gif LiYnAL3jjxpeC0M7/zkuXQ==
extjs/resources/images/gray/tabs/tab-strip-bg.gif W4+G3vZWkk6NTknkOKIFoQ==
extjs/resources/images/gray/tabs/tab-btm-over-left-bg.gif hMEuPfq51dt10FwAV6jLYw==
extjs/resources/images/gray/tabs/tab-btm-over-right-bg.gif Zh0X9F2b1gvnjXtikxgh9g==
extjs/resources/images/gray/tabs/tabs-sprite.gif TccW5SE+TZ0nMdDnmVPqLw==
extjs/resources/images/gray/tabs/tab-strip-bg.png 2Z47eyYQ88haqUP+E55q+g==
extjs/resources/images/gray/tabs/tab-btm-inactive-left-bg.gif eWktDQbv3+5DUusjE/xAXw==
extjs/resources/images/gray/tabs/tab-strip-btm-bg.gif jlWUtule9e3TCzotC7HzzQ==
extjs/resources/images/gray/tabs/scroller-bg.gif hfwwEaqEFvyfbNbN/uj/VA==
extjs/resources/images/gray/tabs/tab-btm-inactive-right-bg.gif Lzj5jALldufAerq3m2NVmQ==
extjs/resources/images/gray/tabs/tab-btm-left-bg.gif F0NF1XmD3PXTjtdxezoXsw==
extjs/resources/images/gray/tabs/tab-close.gif ntfWAr7gSDuKo00ghMd3VA==
extjs/resources/images/gray/tabs/scroll-right.gif EzPYlvV9/cyLc7Sjka+MZQ==
extjs/resources/images/gray/tabs/tab-btm-right-bg.gif kEvTf+DqxP0uQq3DaT7u0w==
extjs/resources/images/access/panel/tools-sprites-trans.gif gzFRPxW9Jr44l0p9f8TuQQ==
extjs/resources/images/access/panel/white-left-right.gif ZDIeYXKrMd1SffsaAXLclA==
extjs/resources/images/access/panel/white-top-bottom.gif FhwjIlmxxYQsxhXyiG7Dbg==
extjs/resources/images/access/panel/left-right.gif ZDIeYXKrMd1SffsaAXLclA==
extjs/resources/images/access/panel/corners-sprite.gif tCWdH5tiFuzyyNrwjep0LA==
extjs/resources/images/access/panel/top-bottom.gif ADGtlbPX6ZXtK/Dv6Uqkog==
extjs/resources/images/access/panel/white-corners-sprite.gif gfCJ0CR8oa0SCTviGITXcw==
extjs/resources/images/access/panel/light-hd.gif q700n57o9QlBngy7dfn+IQ==
extjs/resources/images/access/panel/tool-sprites.gif 1rMLAp2zRDCfT+NmMOL+eg==
extjs/resources/images/access/panel/tool-sprite-tpl.gif 4ESXaM1dzoCxj6yQSBirMw==
extjs/resources/images/access/shared/right-btn.gif +AXpXdL63dOWE1FnO93Yzg==
extjs/resources/images/access/shared/left-btn.gif 2NWjbXvu77Y4xCrBPX8BFg==
extjs/resources/images/access/shared/hd-sprite.gif 18ZVL1F4c9mmwX3iyoF1QQ==
extjs/resources/images/access/shared/glass-bg.gif eVUCK/yEfM8xN6B/0YXiBw==
extjs/resources/images/access/editor/tb-sprite.gif LwaiAcwZrziYaCvp1ZwSzQ==
extjs/resources/images/access/qtip/tip-sprite.gif WrGSO4LY+do++SQKUD2DqA==
extjs/resources/images/access/qtip/tip-anchor-sprite.gif lfFNzuhu52RRrqXuzs3RHw==
extjs/resources/images/access/qtip/close.gif A3nQNiUAlsri5CtCez3y5w==
extjs/resources/images/access/grid/sort-hd.gif oCufyBAd/HnrOTW3FAscuQ==
extjs/resources/images/access/grid/dirty.gif g3X9RfmwtXWqOqrXcRKccQ==
extjs/resources/images/access/grid/group-expand.gif ENl/qXboGyqHDLlohwZ9fA==
extjs/resources/images/access/grid/page-prev.gif zgcLbcxQCxISdu4K8J715A==
extjs/resources/images/access/grid/hmenu-lock.png KjsLRBg09EPBCGkwk579rg==
extjs/resources/images/access/grid/pick-button.gif tDH98wbx4vAz0KQxmW3pPw==
extjs/resources/images/access/grid/grid-blue-split.gif aQICT00Vm1vIgCo5IHOfLw==
extjs/resources/images/access/grid/drop-no.gif tTyobWD7zHpFyJFymSGL/Q==
extjs/resources/images/access/grid/invalid_line.gif tEXkflldWJRObybSobWeyA==
extjs/resources/images/access/grid/grid3-special-col-bg.gif KLNgJYrqi73vqrQIQRxJ4w==
extjs/resources/images/access/grid/col-move-bottom.gif nDi8tc7h3JtM5krZqxOG+A==
extjs/resources/images/access/grid/row-over.gif 9jkJS9BWCu+ryG5RqCXyPQ==
extjs/resources/images/access/grid/hmenu-unlock.png wfYd9wuYxUmOqB5+e57/uw==
extjs/resources/images/access/grid/grid-blue-hd.gif 3TXVwSAsRAwtGpRbM1mE0w==
extjs/resources/images/access/grid/row-check-sprite.gif LQqn5QHD5vl6l/r3XjXTww==
extjs/resources/images/access/grid/hmenu-lock.gif vO8Y4lNCxpw3xE2rhwhgZQ==
extjs/resources/images/access/grid/nowait.gif I8kRZtuxa6hlU2MyG/WkAA==
extjs/resources/images/access/grid/group-by.gif P/jFk241jPITInUJyb7pWg==
extjs/resources/images/access/grid/grid-split.gif PvQZ1LlCHY6U9nOmI43EwA==
extjs/resources/images/access/grid/group-expand-sprite.gif jHQzObJFdOqUVpDALz4ABg==
extjs/resources/images/access/grid/page-last.gif z8EruAgbyFS36I0YVaIG+g==
extjs/resources/images/access/grid/page-next.gif MNOaRfO4EvVQAyEGAwPlRw==
extjs/resources/images/access/grid/hd-pop.gif 5fJ6L2jMLROxHPQcRtKY3A==
extjs/resources/images/access/grid/row-sel.gif yofWuVA4bt1eF8mFdp2RAQ==
extjs/resources/images/access/grid/hmenu-desc.gif 8KmHs0sAOyWnyCYk1B8Big==
extjs/resources/images/access/grid/loading.gif AO+HGykbwDpJfWCKW9jsmQ==
extjs/resources/images/access/grid/hmenu-unlock.gif jMggXa+lh+8C2KhpA66AdA==
extjs/resources/images/access/grid/grid-hrow.gif VZcqUGPYDzX7a5Wnm7ABig==
extjs/resources/images/access/grid/grid3-special-col-sel-bg.gif YY1tw0C47VSjlm1gLNyQVQ==
extjs/resources/images/access/grid/grid-loading.gif msb3N+ubFScvErAL/rPDxg==
extjs/resources/images/access/grid/drop-yes.gif r5b0w7MqRw2y84q7Uhtclw==
extjs/resources/images/access/grid/row-expand-sprite.gif voEZnZ1PppvvR6jwNqWn2A==
extjs/resources/images/access/grid/page-first-disabled.gif freb7LI78XWqs9PbMPzUuQ==
extjs/resources/images/access/grid/wait.gif sM1aXcBwxwXr+IFKkJgCww==
extjs/resources/images/access/grid/grid3-hd-btn.gif iZ79PI81oIWL2SaHngwaqQ==
extjs/resources/images/access/grid/page-next-disabled.gif qNpnuc0CRbr3Xv79jcLOfw==
extjs/resources/images/access/grid/sort_desc.gif grHZsLEo+r7d6wbKTkc62A==
extjs/resources/images/access/grid/arrow-left-white.gif sE6Fm9y9Ia0fBri/p4gd+A==
extjs/resources/images/access/grid/refresh.gif O9SKT3mDWeGuwj+JSHlW8g==
extjs/resources/images/access/grid/col-move-top.gif xFhCAtUXJGQFD2ddOW0cbw==
extjs/resources/images/access/grid/mso-hd.gif N/upwC8O7+V/ZViQ7vHEoQ==
extjs/resources/images/access/grid/arrow-right-white.gif cU6wD4E03eOmXIPz9xrSxA==
extjs/resources/images/access/grid/grid-vista-hd.gif Z19APoqctatL7XJdqf4gIw==
extjs/resources/images/access/grid/done.gif NlJmkwqTRRQU/lH/xSShlg==
extjs/resources/images/access/grid/page-last-disabled.gif p7w0STz8mMPwGk12YHrLAQ==
extjs/resources/images/access/grid/grid3-hrow.gif Udwr6DoMUnOdSkwaHY7lpA==
extjs/resources/images/access/grid/sort_asc.gif zz9gle0Df1HxnWhSElw+Zg==
extjs/resources/images/access/grid/footer-bg.gif Ze1j5ExhSfESetO0vk4BCA==
extjs/resources/images/access/grid/page-prev-disabled.gif y7ZxQ0beHM2emalq5Ok+3Q==
extjs/resources/images/access/grid/group-collapse.gif z7rwB6ce5dXkYh14q+d2fA==
extjs/resources/images/access/grid/page-first.gif KJXmygtZ/yA9zAi9S2B6KQ==
extjs/resources/images/access/grid/hmenu-asc.gif BI4Lww98OdRz2tXavL4D8g==
extjs/resources/images/access/grid/columns.gif 7zUkL6ZRSoHRfV9wD1YbfA==
extjs/resources/images/access/grid/grid3-hrow-over.gif svJAvcbPzfROa0BFZITajw==
extjs/resources/images/access/sizer/ne-handle-dark.gif DARb1snuqJNdodi2Hg8uYA==
extjs/resources/images/access/sizer/se-handle.gif YRfDK2800yf35s3eVqmToQ==
extjs/resources/images/access/sizer/sw-handle-dark.gif CerX0q58PleWrqQpSsU+DQ==
extjs/resources/images/access/sizer/sw-handle.gif xngByzVuiqSFf+6GtHNb9g==
extjs/resources/images/access/sizer/s-handle.gif yGbaCDfftvw+OVPpXRcUVw==
extjs/resources/images/access/sizer/nw-handle.gif gzB/+2FMbsZheTVE7bulQg==
extjs/resources/images/access/sizer/nw-handle-dark.gif 20meQFz4KrtCM8L0s0dDdQ==
extjs/resources/images/access/sizer/ne-handle.gif j5Jl05HxB60J3eYJxayokw==
extjs/resources/images/access/sizer/e-handle-dark.gif zIGdjlTCIcy5MNAZM5XOVA==
extjs/resources/images/access/sizer/square.gif CeLpKo6RsJV8uHnWsnmXGg==
extjs/resources/images/access/sizer/e-handle.gif GyxSdzEo+PUsHs4rNpnagg==
extjs/resources/images/access/sizer/se-handle-dark.gif dxsnBeZw25GBol+nYptJMw==
extjs/resources/images/access/sizer/s-handle-dark.gif Ew6AwZNQccdgdCzic9xfdA==
extjs/resources/images/access/slider/slider-bg.png DtjIl4szPGZ4IVM7UYu7og==
extjs/resources/images/access/slider/slider-v-thumb.png WidRvOWLouckUrd8PA+W/g==
extjs/resources/images/access/slider/slider-v-bg.png 7+yztFc+XbMs/okR/rE4mw==
extjs/resources/images/access/slider/slider-thumb.png HAWGKA7Blh9zjbpG9GTcaQ==
extjs/resources/images/access/form/clear-trigger.psd JnuBTRVBMN/2/PYFzSD4VA==
extjs/resources/images/access/form/trigger-tpl.gif IBmG1vUfiVnPYs8iDs05mw==
extjs/resources/images/access/form/text-bg.gif isTrktwYrj1IHfUlyK4UUg==
extjs/resources/images/access/form/search-trigger.psd XxpPFof0Ud8mIqxAC0I3dw==
extjs/resources/images/access/form/trigger.gif xg+4fv0wAuavMowub8kWsQ==
extjs/resources/images/access/form/checkbox.gif ddaFyrVmWpNWYKPQT3HCvg==
extjs/resources/images/access/form/search-trigger.gif lRm7A+bp5BRbbYjZr2cK8w==
extjs/resources/images/access/form/trigger.psd AbewOSlTEGuZhm0sgSKMvQ==
extjs/resources/images/access/form/radio.gif Ajm9rvUpvmhTC4YmaiR0LA==
extjs/resources/images/access/form/clear-trigger.gif YuuvK4CjSd3Ck5VWlnDf5A==
extjs/resources/images/access/form/exclamation.gif KjAKK5U2ZeOSGvDy8E0m2A==
extjs/resources/images/access/form/date-trigger.psd XAhsBMmrkqdESva82DI9pw==
extjs/resources/images/access/form/date-trigger.gif jaKbBjsS4474f4xP1oGfRw==
extjs/resources/images/access/form/error-tip-corners.gif NkR0J2F4x7SLYnAFa0K4CA==
extjs/resources/images/access/toolbar/tb-xl-sep.gif BuAmOH4t0PSeiKBHkc8m+g==
extjs/resources/images/access/toolbar/btn-over-bg.gif +t35skzvpyEya6P4fz7zHw==
extjs/resources/images/access/toolbar/gray-bg.gif zy2UCPMg5pbmB9hHKvp/8A==
extjs/resources/images/access/toolbar/tb-btn-sprite.gif ugpdd9tylCeC/EvyP3EHOA==
extjs/resources/images/access/toolbar/btn-arrow.gif Er2imkyAFs+gR+hSxDU/WQ==
extjs/resources/images/access/toolbar/btn-arrow-light.gif +kmzmg/YjvJiZNpEorTt6g==
extjs/resources/images/access/toolbar/more.gif oFSpnmZnNuYCSxmdd1SW5g==
extjs/resources/images/access/toolbar/bg.gif RtxuC9wNtCiOylF7OQHTDw==
extjs/resources/images/access/toolbar/s-arrow-bo.gif NIcdEkf59qZgdSgKg7qARQ==
extjs/resources/images/access/toolbar/tb-xl-btn-sprite.gif P/1VibQYiSMHVeohCMwOkg==
extjs/resources/images/access/progress/progress-bg.gif IXAIzQCfJVRlb3UfsSaikw==
extjs/resources/images/access/menu/menu.gif amxMzkOzHMFkhAkijBiulA==
extjs/resources/images/access/menu/item-over.gif u0zcDqJXg0zV7QH4gzh9jw==
extjs/resources/images/access/menu/menu-parent.gif azoKpFQ/8ofdzKKalW01aA==
extjs/resources/images/access/menu/unchecked.gif MYRhGL3ceUW1leogkFic8Q==
extjs/resources/images/access/menu/group-checked.gif EGJ6CstJdoPf37cf41iofQ==
extjs/resources/images/access/menu/checked.gif y3s0CN9W9VhaqhJCzS8LRQ==
extjs/resources/images/access/window/left-corners.png qjY/8vpj8W0RKd/gh++lOw==
extjs/resources/images/access/window/right-corners.png a/7s8pwuDD93UGuUxznkaA==
extjs/resources/images/access/window/icon-info.gif 0q2dJpWSGiDRqnykOK2ULQ==
extjs/resources/images/access/window/icon-error.gif G2tdgvaIDc8oedO8dH1Hjw==
extjs/resources/images/access/window/icon-question.gif RuEwtS0KzuhcMhKfVmK+kw==
extjs/resources/images/access/window/top-bottom.png AfD2BrlHpLwisAobasx8qg==
extjs/resources/images/access/window/icon-warning.gif CY9UaDHnyZN1LKT9uX42vA==
extjs/resources/images/access/window/left-right.png C1Qt41Fe2HFGufXJqwPjlg==
extjs/resources/images/access/tree/elbow.gif J2efOxIiupXZkliF19gtAg==
extjs/resources/images/access/tree/elbow-end-plus.gif 8L2YnebYqv+SmhcZnVA3yw==
extjs/resources/images/access/tree/drop-no.gif Z/g+oEouscUGFKlvr2JfJQ==
extjs/resources/images/access/tree/elbow-end-plus-nl.gif jQp5aMiGxog0U5Dto2kW6A==
extjs/resources/images/access/tree/elbow-end.gif NFVROEqjJRibooocIPNAXg==
extjs/resources/images/access/tree/loading.gif AO+HGykbwDpJfWCKW9jsmQ==
extjs/resources/images/access/tree/drop-between.gif 7bVEoN5YVH1KOcUm4G48gg==
extjs/resources/images/access/tree/drop-yes.gif 8yFjJsAIkCWehPFybdEEPw==
extjs/resources/images/access/tree/arrows.gif gS1rYknb5OFL1Nw5yl1aNQ==
extjs/resources/images/access/tree/elbow-minus-nl.gif F6fUPdB1tUkvWxALhD2aaQ==
extjs/resources/images/access/tree/drop-add.gif les0rHCho8le85q4JqiUkQ==
extjs/resources/images/access/tree/folder-open.gif m/rikR2rNodrpTGPMeWmHQ==
extjs/resources/images/access/tree/drop-under.gif VeXbyUUc+pFCODImCwdTqg==
extjs/resources/images/access/tree/folder.gif T7rTKRq1wMQDx0W3rkxtLA==
extjs/resources/images/access/tree/elbow-end-minus.gif O2waTYLhzXVQ1DSl3mgnLg==
extjs/resources/images/access/tree/elbow-plus-nl.gif jQp5aMiGxog0U5Dto2kW6A==
extjs/resources/images/access/tree/elbow-line.gif kOR4FY30dtyYmmDaqvyH5g==
extjs/resources/images/access/tree/elbow-end-minus-nl.gif F6fUPdB1tUkvWxALhD2aaQ==
extjs/resources/images/access/tree/elbow-plus.gif 4IFLzvKf/3H7iv2vnO4gxA==
extjs/resources/images/access/tree/s.gif /JT7DD7YqPkJ28djCgmH/w==
extjs/resources/images/access/tree/drop-over.gif 1rMDz6Peh4QFfZ1+Zs2qhg==
extjs/resources/images/access/tree/elbow-minus.gif dH0qfbWJL0zfhBAWL4LpYA==
extjs/resources/images/access/tree/leaf.gif I3V9bjU/ND48ft/ihCjxmA==
extjs/resources/images/access/button/s-arrow-b-noline.gif j0TdJT327ZKWVHOBUl5t4w==
extjs/resources/images/access/button/arrow.gif IBflXH4zc8T+i9lPiHM9eQ==
extjs/resources/images/access/button/s-arrow.gif 2JiZYjztWefLjQ+SqGKjlw==
extjs/resources/images/access/button/s-arrow-o.gif N1DupXRudw06n+XysGmlwQ==
extjs/resources/images/access/button/group-lr.gif DJdXIjtmI9RBu4sOTAVbXg==
extjs/resources/images/access/button/group-cs.gif Aoa9be0cyV9fPWm9JI9ijw==
extjs/resources/images/access/button/btn.gif ZAFYQGwdcz4IiamXlNPjqg==
extjs/resources/images/access/button/s-arrow-bo.gif z50yTsbzVmcrkWTvkE3AxA==
extjs/resources/images/access/button/s-arrow-noline.gif elOvHD+rqKMH6NLfgKlwZg==
extjs/resources/images/access/button/s-arrow-b.gif 5GOXcZgcJr82naTPT1D9xQ==
extjs/resources/images/access/button/group-tb.gif BYWCyQf86QQ/6jHeddIZtQ==
extjs/resources/images/access/box/l.gif xNnbvcWa4GtennKmqGXJgQ==
extjs/resources/images/access/box/corners-blue.gif hv1MVmTglxv8EZWehEJgTA==
extjs/resources/images/access/box/tb-blue.gif VTVmLj+nmBalgHoeP7wFIA==
extjs/resources/images/access/box/tb.gif 3T9jr+e6kJg7pz2tHGa/Lw==
extjs/resources/images/access/box/corners.gif 0tG8IIWzac41/9IMASFnbg==
extjs/resources/images/access/box/l-blue.gif ztn/v2bqOedwg6WR+CVyZw==
extjs/resources/images/access/box/r-blue.gif gtu1IqgOMkb2KXcZNxqUlA==
extjs/resources/images/access/box/r.gif vx4dSkX5Ua5laWioyDTwSg==
extjs/resources/images/access/tabs/scroll-left.gif /hv0pTBDMxAJrYfHIq9Tqg==
extjs/resources/images/access/tabs/tab-strip-bg.gif 5GK9/2QmuLdURdNMLwsbMg==
extjs/resources/images/access/tabs/tabs-sprite.gif aIn+DfjOvaZt9Ft5kX+C/w==
extjs/resources/images/access/tabs/tab-btm-inactive-left-bg.gif OaY/ADnUAzo6OXX1LMkbbg==
extjs/resources/images/access/tabs/tab-strip-btm-bg.gif G08NZ5+T5LQ1FBrThR6Fug==
extjs/resources/images/access/tabs/tab-btm-inactive-right-bg.gif xGxY9vVXtYTQraxsjPEcpg==
extjs/resources/images/access/tabs/tab-btm-left-bg.gif 0iDOwJjOpubrxDdJqN8qhQ==
extjs/resources/images/access/tabs/tab-close.gif Y9BuuSvmoYOpxVxgPoyiRw==
extjs/resources/images/access/tabs/scroll-right.gif FqteX2UmkUQAq8SqpEohfQ==
extjs/resources/images/access/tabs/tab-btm-right-bg.gif I23eDgF7S2AUwufkY+6oOg==
extjs/resources/images/default/shadow-c.png erYWMjcJnyUpRSuIlTpASQ==
extjs/resources/images/default/shadow.png hgv09pDS6iq6exFQCSXaYg==
extjs/resources/images/default/gradient-bg.gif 4Rf8qdCI5M1bu87HuZqECA==
extjs/resources/images/default/shadow-lr.png mGJw2KtDMPp0mdwz7RNVmA==
extjs/resources/images/default/s.gif /JT7DD7YqPkJ28djCgmH/w==
extjs/resources/images/default/panel/tools-sprites-trans.gif gzFRPxW9Jr44l0p9f8TuQQ==
extjs/resources/images/default/panel/white-left-right.gif d6Y4nGc3rVB8pTMK2IFlJA==
extjs/resources/images/default/panel/white-top-bottom.gif +GXXI3v/PEX9SoxEj5fSNg==
extjs/resources/images/default/panel/left-right.gif ZVNke61U2D4sI18znRL2vg==
extjs/resources/images/default/panel/corners-sprite.gif 1FRshu2DX+52chInnumLaA==
extjs/resources/images/default/panel/top-bottom.gif pIVOGzrqYBI1IstoekYsBQ==
extjs/resources/images/default/panel/white-corners-sprite.gif gfCJ0CR8oa0SCTviGITXcw==
extjs/resources/images/default/panel/top-bottom.png KmWife91aglRZEtRH28szg==
extjs/resources/images/default/panel/light-hd.gif sFiv/Miz6KA750vJ2Wl9pw==
extjs/resources/images/default/panel/tool-sprites.gif dRBtml/6slWluzeSoqFuFg==
extjs/resources/images/default/panel/tool-sprite-tpl.gif 4ESXaM1dzoCxj6yQSBirMw==
extjs/resources/images/default/shared/right-btn.gif 5606f0gUeRzs8bkOd+nhOQ==
extjs/resources/images/default/shared/left-btn.gif a/MMbPC11wQ2w+RjtVMrNQ==
extjs/resources/images/default/shared/blue-loading.gif 3C/XwO2FPFa0rGVxCvO9Cg==
extjs/resources/images/default/shared/warning.gif RI3JNKfw3WCStR+IoeR7LQ==
extjs/resources/images/default/shared/loading-balls.gif rAYrlO1nSqpQpsGN+SrN8w==
extjs/resources/images/default/shared/hd-sprite.gif alSumL71M5fVIoIgGFLCBA==
extjs/resources/images/default/shared/large-loading.gif 2W9lF+ADmcN6l2XgReqvIg==
extjs/resources/images/default/shared/glass-bg.gif vCzVxaybOHTZVsiS0j8hGQ==
extjs/resources/images/default/shared/calendar.gif gSls/x+X9TZVJPK53PYm2g==
extjs/resources/images/default/editor/tb-sprite.gif ovBsrdwvtynbXLvYdEkRKA==
extjs/resources/images/default/layout/expand.gif ycmw6lMRw9wBbGncI0kSvA==
extjs/resources/images/default/layout/mini-right.gif y9+fsMRUZrQhesn3vWqe1A==
extjs/resources/images/default/layout/stuck.gif dF4MrLUSUOoCFu/EoctQyw==
extjs/resources/images/default/layout/stick.gif vp5nrgthsBz9FZKMp6PaUQ==
extjs/resources/images/default/layout/mini-left.gif hlT9tF7PRAavL84dO+t1lg==
extjs/resources/images/default/layout/panel-title-light-bg.gif aI06JjRC2xJdoXDl066/cA==
extjs/resources/images/default/layout/ns-collapse.gif 76n716Hz8PHyI2A5HhYSbw==
extjs/resources/images/default/layout/panel-title-bg.gif tmOEwwmjl5YziadrB+ns1A==
extjs/resources/images/default/layout/gradient-bg.gif 4Rf8qdCI5M1bu87HuZqECA==
extjs/resources/images/default/layout/tab-close.gif +SEHzGtMt4rwhGSKYo4B0g==
extjs/resources/images/default/layout/mini-bottom.gif ro42dP0ymX3FIX1dYZmlpQ==
extjs/resources/images/default/layout/mini-top.gif +9kemFdvZv0nAklSUbFSQA==
extjs/resources/images/default/layout/ns-expand.gif 2h+dQMCR07bceo3uT8Aqxg==
extjs/resources/images/default/layout/tab-close-on.gif CuLJeOhTkaafDc6NoY2LIw==
extjs/resources/images/default/layout/panel-close.gif sYXaGDc0RSm/toSpbYNxtQ==
extjs/resources/images/default/layout/collapse.gif 387AgD1Iing5FsdQ/YOolw==
extjs/resources/images/default/qtip/tip-sprite.gif CQstg5UuaC+rQ7KrFr4pkQ==
extjs/resources/images/default/qtip/tip-anchor-sprite.gif 85vDKDtpQxzm567S/miCuQ==
extjs/resources/images/default/qtip/bg.gif ScClMMwWNXuznVHBMGWojw==
extjs/resources/images/default/qtip/close.gif A3nQNiUAlsri5CtCez3y5w==
extjs/resources/images/default/grid/sort-hd.gif JkCt3vbph7TF36TIwt+xDA==
extjs/resources/images/default/grid/dirty.gif 3syjuW4sN89usE3bDZ9mmw==
extjs/resources/images/default/grid/group-expand.gif iprT7T10wpEbfxASaKGEOw==
extjs/resources/images/default/grid/page-prev.gif gNqtiASD7taCsi7HBRTsxA==
extjs/resources/images/default/grid/hmenu-lock.png KjsLRBg09EPBCGkwk579rg==
extjs/resources/images/default/grid/pick-button.gif tDH98wbx4vAz0KQxmW3pPw==
extjs/resources/images/default/grid/refresh-disabled.gif EFxilzumlxC8K0G0Q69RmA==
extjs/resources/images/default/grid/grid-blue-split.gif BJS6SZdP8rwb+B4dgt/uGA==
extjs/resources/images/default/grid/drop-no.gif tTyobWD7zHpFyJFymSGL/Q==
extjs/resources/images/default/grid/invalid_line.gif BKiOl7Vuio7OSmbUnMeIKA==
extjs/resources/images/default/grid/grid3-special-col-bg.gif yd8DocEHNgEo2on6RwZkBQ==
extjs/resources/images/default/grid/col-move-bottom.gif nDi8tc7h3JtM5krZqxOG+A==
extjs/resources/images/default/grid/row-over.gif 9jkJS9BWCu+ryG5RqCXyPQ==
extjs/resources/images/default/grid/hmenu-unlock.png wfYd9wuYxUmOqB5+e57/uw==
extjs/resources/images/default/grid/grid-blue-hd.gif 3TXVwSAsRAwtGpRbM1mE0w==
extjs/resources/images/default/grid/row-check-sprite.gif LQqn5QHD5vl6l/r3XjXTww==
extjs/resources/images/default/grid/hmenu-lock.gif vO8Y4lNCxpw3xE2rhwhgZQ==
extjs/resources/images/default/grid/nowait.gif I8kRZtuxa6hlU2MyG/WkAA==
extjs/resources/images/default/grid/group-by.gif P/jFk241jPITInUJyb7pWg==
extjs/resources/images/default/grid/grid-split.gif PvQZ1LlCHY6U9nOmI43EwA==
extjs/resources/images/default/grid/group-expand-sprite.gif 0PYUo4cpIXfzrLDJWkzXYA==
extjs/resources/images/default/grid/page-last.gif 71JN0Ljf5O7+z/qhwLuO3Q==
extjs/resources/images/default/grid/page-next.gif 9vnSIJ38mZEv/JhI2XZG2w==
extjs/resources/images/default/grid/hd-pop.gif 5fJ6L2jMLROxHPQcRtKY3A==
extjs/resources/images/default/grid/grid3-rowheader.gif tEkXBVZJCdp/nq90nbv7sQ==
extjs/resources/images/default/grid/row-sel.gif yofWuVA4bt1eF8mFdp2RAQ==
extjs/resources/images/default/grid/hmenu-desc.gif 8KmHs0sAOyWnyCYk1B8Big==
extjs/resources/images/default/grid/loading.gif AO+HGykbwDpJfWCKW9jsmQ==
extjs/resources/images/default/grid/hmenu-unlock.gif jMggXa+lh+8C2KhpA66AdA==
extjs/resources/images/default/grid/grid-hrow.gif VZcqUGPYDzX7a5Wnm7ABig==
extjs/resources/images/default/grid/grid3-special-col-sel-bg.gif qUA5+J3sFkiWzv8fvfbbxQ==
extjs/resources/images/default/grid/grid-loading.gif msb3N+ubFScvErAL/rPDxg==
extjs/resources/images/default/grid/drop-yes.gif r5b0w7MqRw2y84q7Uhtclw==
extjs/resources/images/default/grid/row-expand-sprite.gif voEZnZ1PppvvR6jwNqWn2A==
extjs/resources/images/default/grid/page-first-disabled.gif jTGFAoxUHLzOZ7WQnASCTg==
extjs/resources/images/default/grid/wait.gif sM1aXcBwxwXr+IFKkJgCww==